Archive member included because of file (symbol)

/home/dev/.pebble-sdk/SDKs/current/sdk-core/pebble/aplite/lib/libpebble.a(tmp7jpKUopebble.o)
                              src/c/Sports.c.33.o (app_event_loop)
/mnt/e/Pebble Development/Github Repo/sports-app/app/node_modules/pebblejs/dist/binaries/aplite/libpebblejs.a(simply.c.21.o)
                              src/c/Sports.c.33.o (simply_create)
/mnt/e/Pebble Development/Github Repo/sports-app/app/node_modules/pebblejs/dist/binaries/aplite/libpebblejs.a(simply_accel.c.21.o)
                              /mnt/e/Pebble Development/Github Repo/sports-app/app/node_modules/pebblejs/dist/binaries/aplite/libpebblejs.a(simply.c.21.o) (simply_accel_create)
/mnt/e/Pebble Development/Github Repo/sports-app/app/node_modules/pebblejs/dist/binaries/aplite/libpebblejs.a(simply_menu.c.21.o)
                              /mnt/e/Pebble Development/Github Repo/sports-app/app/node_modules/pebblejs/dist/binaries/aplite/libpebblejs.a(simply.c.21.o) (simply_menu_create)
/mnt/e/Pebble Development/Github Repo/sports-app/app/node_modules/pebblejs/dist/binaries/aplite/libpebblejs.a(simply_msg.c.21.o)
                              /mnt/e/Pebble Development/Github Repo/sports-app/app/node_modules/pebblejs/dist/binaries/aplite/libpebblejs.a(simply.c.21.o) (simply_msg_create)
/mnt/e/Pebble Development/Github Repo/sports-app/app/node_modules/pebblejs/dist/binaries/aplite/libpebblejs.a(simply_res.c.21.o)
                              /mnt/e/Pebble Development/Github Repo/sports-app/app/node_modules/pebblejs/dist/binaries/aplite/libpebblejs.a(simply_msg.c.21.o) (simply_res_add_image)
/mnt/e/Pebble Development/Github Repo/sports-app/app/node_modules/pebblejs/dist/binaries/aplite/libpebblejs.a(simply_splash.c.21.o)
                              /mnt/e/Pebble Development/Github Repo/sports-app/app/node_modules/pebblejs/dist/binaries/aplite/libpebblejs.a(simply.c.21.o) (simply_splash_create)
/mnt/e/Pebble Development/Github Repo/sports-app/app/node_modules/pebblejs/dist/binaries/aplite/libpebblejs.a(simply_stage.c.21.o)
                              /mnt/e/Pebble Development/Github Repo/sports-app/app/node_modules/pebblejs/dist/binaries/aplite/libpebblejs.a(simply_msg.c.21.o) (simply_stage_handle_packet)
/mnt/e/Pebble Development/Github Repo/sports-app/app/node_modules/pebblejs/dist/binaries/aplite/libpebblejs.a(simply_ui.c.21.o)
                              /mnt/e/Pebble Development/Github Repo/sports-app/app/node_modules/pebblejs/dist/binaries/aplite/libpebblejs.a(simply_msg.c.21.o) (simply_ui_set_text)
/mnt/e/Pebble Development/Github Repo/sports-app/app/node_modules/pebblejs/dist/binaries/aplite/libpebblejs.a(simply_wakeup.c.21.o)
                              /mnt/e/Pebble Development/Github Repo/sports-app/app/node_modules/pebblejs/dist/binaries/aplite/libpebblejs.a(simply_msg.c.21.o) (simply_wakeup_handle_packet)
/mnt/e/Pebble Development/Github Repo/sports-app/app/node_modules/pebblejs/dist/binaries/aplite/libpebblejs.a(simply_window.c.21.o)
                              /mnt/e/Pebble Development/Github Repo/sports-app/app/node_modules/pebblejs/dist/binaries/aplite/libpebblejs.a(simply_menu.c.21.o) (simply_window_single_click_handler)
/mnt/e/Pebble Development/Github Repo/sports-app/app/node_modules/pebblejs/dist/binaries/aplite/libpebblejs.a(simply_window_stack.c.21.o)
                              /mnt/e/Pebble Development/Github Repo/sports-app/app/node_modules/pebblejs/dist/binaries/aplite/libpebblejs.a(simply_msg.c.21.o) (simply_window_stack_set_broadcast)
/mnt/c/users/iwill/pebble-dev/pebble-sdk-4.5-linux64/arm-cs-tools/bin/../lib/gcc/arm-none-eabi/4.7.2/thumb2/libgcc.a(_aeabi_ldivmod.o)
                              /mnt/e/Pebble Development/Github Repo/sports-app/app/node_modules/pebblejs/dist/binaries/aplite/libpebblejs.a(simply_menu.c.21.o) (__aeabi_ldivmod)
/mnt/c/users/iwill/pebble-dev/pebble-sdk-4.5-linux64/arm-cs-tools/bin/../lib/gcc/arm-none-eabi/4.7.2/thumb2/libgcc.a(bpabi.o)
                              /mnt/c/users/iwill/pebble-dev/pebble-sdk-4.5-linux64/arm-cs-tools/bin/../lib/gcc/arm-none-eabi/4.7.2/thumb2/libgcc.a(_aeabi_ldivmod.o) (__gnu_ldivmod_helper)
/mnt/c/users/iwill/pebble-dev/pebble-sdk-4.5-linux64/arm-cs-tools/bin/../lib/gcc/arm-none-eabi/4.7.2/thumb2/libgcc.a(_dvmd_tls.o)
                              /mnt/c/users/iwill/pebble-dev/pebble-sdk-4.5-linux64/arm-cs-tools/bin/../lib/gcc/arm-none-eabi/4.7.2/thumb2/libgcc.a(_aeabi_ldivmod.o) (__aeabi_ldiv0)
/mnt/c/users/iwill/pebble-dev/pebble-sdk-4.5-linux64/arm-cs-tools/bin/../lib/gcc/arm-none-eabi/4.7.2/thumb2/libgcc.a(_divdi3.o)
                              /mnt/c/users/iwill/pebble-dev/pebble-sdk-4.5-linux64/arm-cs-tools/bin/../lib/gcc/arm-none-eabi/4.7.2/thumb2/libgcc.a(bpabi.o) (__divdi3)
/mnt/c/users/iwill/pebble-dev/pebble-sdk-4.5-linux64/arm-cs-tools/bin/../lib/gcc/arm-none-eabi/4.7.2/thumb2/libgcc.a(_udivdi3.o)
[...]
Memory Configuration

Name             Origin             Length             Attributes
APP              0x0000000000000000 0x0000000000006000 xrw
*default*        0x0000000000000000 0xffffffffffffffff

Linker script and memory map

LOAD /mnt/c/users/iwill/pebble-dev/pebble-sdk-4.5-linux64/arm-cs-tools/bin/../lib/gcc/arm-none-eabi/4.7.2/thumb2/crti.o
LOAD /mnt/c/users/iwill/pebble-dev/pebble-sdk-4.5-linux64/arm-cs-tools/bin/../lib/gcc/arm-none-eabi/4.7.2/thumb2/crtbegin.o
LOAD src/c/Sports.c.33.o
LOAD aplite/appinfo.auto.c.33.o
LOAD aplite/src/resource_ids.auto.c.33.o
LOAD src/message_keys.auto.c.33.o
LOAD /home/dev/.pebble-sdk/SDKs/current/sdk-core/pebble/aplite/lib/libpebble.a
LOAD /mnt/e/Pebble Development/Github Repo/sports-app/app/node_modules/pebblejs/dist/binaries/aplite/libpebblejs.a
LOAD /mnt/e/Pebble Development/Github Repo/sports-app/app/node_modules/pebble-clay/dist/binaries/aplite/libpebble-clay.a
START GROUP
LOAD /mnt/c/users/iwill/pebble-dev/pebble-sdk-4.5-linux64/arm-cs-tools/bin/../lib/gcc/arm-none-eabi/4.7.2/thumb2/libgcc.a
LOAD /mnt/c/users/iwill/pebble-dev/pebble-sdk-4.5-linux64/arm-cs-tools/bin/../lib/gcc/arm-none-eabi/4.7.2/../../../../arm-none-eabi/lib/thumb2/libc.a
END GROUP
LOAD /mnt/c/users/iwill/pebble-dev/pebble-sdk-4.5-linux64/arm-cs-tools/bin/../lib/gcc/arm-none-eabi/4.7.2/thumb2/crtend.o
LOAD /mnt/c/users/iwill/pebble-dev/pebble-sdk-4.5-linux64/arm-cs-tools/bin/../lib/gcc/arm-none-eabi/4.7.2/thumb2/crtn.o

.header         0x0000000000000000       0x82
 *(.pbl_header)
 .pbl_header    0x0000000000000000       0x82 aplite/appinfo.auto.c.33.o
                0x0000000000000000                __pbl_app_info

.note.gnu.build-id
                0x0000000000000082       0x26
                0x0000000000000082                PROVIDE (BUILD_ID, .)
 *(.note.gnu.build-id)
 *fill*         0x0000000000000082        0x2 
 .note.gnu.build-id
                0x0000000000000084       0x24 linker stubs

.text           0x00000000000000a8     0x42f9
 *(.text)
 .text          0x00000000000000a8       0x14 /home/dev/.pebble-sdk/SDKs/current/sdk-core/pebble/aplite/lib/libpebble.a(tmp7jpKUopebble.o)
 .text          0x00000000000000bc       0x38 /mnt/c/users/iwill/pebble-dev/pebble-sdk-4.5-linux64/arm-cs-tools/bin/../lib/gcc/arm-none-eabi/4.7.2/thumb2/libgcc.a(_aeabi_ldivmod.o)
                0x00000000000000bc                __aeabi_ldivmod
 .text          0x00000000000000f4       0x60 /mnt/c/users/iwill/pebble-dev/pebble-sdk-4.5-linux64/arm-cs-tools/bin/../lib/gcc/arm-none-eabi/4.7.2/thumb2/libgcc.a(bpabi.o)
                0x00000000000000f4                __gnu_ldivmod_helper
                0x0000000000000124                __gnu_uldivmod_helper
 .text          0x0000000000000154        0x4 /mnt/c/users/iwill/pebble-dev/pebble-sdk-4.5-linux64/arm-cs-tools/bin/../lib/gcc/arm-none-eabi/4.7.2/thumb2/libgcc.a(_dvmd_tls.o)
                0x0000000000000154                __aeabi_ldiv0
                0x0000000000000154                __aeabi_idiv0
 .text          0x0000000000000158      0x36c /mnt/c/users/iwill/pebble-dev/pebble-sdk-4.5-linux64/arm-cs-tools/bin/../lib/gcc/arm-none-eabi/4.7.2/thumb2/libgcc.a(_divdi3.o)
                0x0000000000000158                __divdi3
 .text          0x00000000000004c4      0x314 /mnt/c/users/iwill/pebble-dev/pebble-sdk-4.5-linux64/arm-cs-tools/bin/../lib/gcc/arm-none-eabi/4.7.2/thumb2/libgcc.a(_udivdi3.o)
                0x00000000000004c4                __udivdi3
 .text          0x00000000000007d8      0x278 /mnt/c/users/iwill/pebble-dev/pebble-sdk-4.5-linux64/arm-cs-tools/bin/../lib/gcc/arm-none-eabi/4.7.2/thumb2/libgcc.a(_udivsi3.o)
                0x00000000000007d8                __udivsi3
                0x00000000000007d8                __aeabi_uidiv
                0x0000000000000a34                __aeabi_uidivmod
 *(.text.*)
 .text.startup.main
                0x0000000000000a50       0x16 src/c/Sports.c.33.o
                0x0000000000000a50                main
 *fill*         0x0000000000000a66        0x2 
 .text.accel_data_service_unsubscribe
                0x0000000000000a68        0xc /home/dev/.pebble-sdk/SDKs/current/sdk-core/pebble/aplite/lib/libpebble.a(tmp7jpKUopebble.o)
                0x0000000000000a68                accel_data_service_unsubscribe
 .text.accel_service_peek
                0x0000000000000a74        0xc /home/dev/.pebble-sdk/SDKs/current/sdk-core/pebble/aplite/lib/libpebble.a(tmp7jpKUopebble.o)
                0x0000000000000a74                accel_service_peek
 .text.accel_service_set_sampling_rate
                0x0000000000000a80        0xc /home/dev/.pebble-sdk/SDKs/current/sdk-core/pebble/aplite/lib/libpebble.a(tmp7jpKUopebble.o)
                0x0000000000000a80                accel_service_set_sampling_rate
 .text.accel_tap_service_subscribe
                0x0000000000000a8c        0xc /home/dev/.pebble-sdk/SDKs/current/sdk-core/pebble/aplite/lib/libpebble.a(tmp7jpKUopebble.o)
                0x0000000000000a8c                accel_tap_service_subscribe
 .text.accel_tap_service_unsubscribe
                0x0000000000000a98        0xc /home/dev/.pebble-sdk/SDKs/current/sdk-core/pebble/aplite/lib/libpebble.a(tmp7jpKUopebble.o)
                0x0000000000000a98                accel_tap_service_unsubscribe
 .text.app_event_loop
                0x0000000000000aa4        0xc /home/dev/.pebble-sdk/SDKs/current/sdk-core/pebble/aplite/lib/libpebble.a(tmp7jpKUopebble.o)
                0x0000000000000aa4                app_event_loop
 .text.app_message_deregister_callbacks
                0x0000000000000ab0        0xc /home/dev/.pebble-sdk/SDKs/current/sdk-core/pebble/aplite/lib/libpebble.a(tmp7jpKUopebble.o)
                0x0000000000000ab0                app_message_deregister_callbacks
 .text.app_message_open
                0x0000000000000abc        0xc /home/dev/.pebble-sdk/SDKs/current/sdk-core/pebble/aplite/lib/libpebble.a(tmp7jpKUopebble.o)
                0x0000000000000abc                app_message_open
 .text.app_timer_cancel
                0x0000000000000ac8        0xc /home/dev/.pebble-sdk/SDKs/current/sdk-core/pebble/aplite/lib/libpebble.a(tmp7jpKUopebble.o)
                0x0000000000000ac8                app_timer_cancel
 .text.app_timer_register
                0x0000000000000ad4        0xc /home/dev/.pebble-sdk/SDKs/current/sdk-core/pebble/aplite/lib/libpebble.a(tmp7jpKUopebble.o)
                0x0000000000000ad4                app_timer_register
 .text.click_recognizer_get_button_id
                0x0000000000000ae0        0xc /home/dev/.pebble-sdk/SDKs/current/sdk-core/pebble/aplite/lib/libpebble.a(tmp7jpKUopebble.o)
                0x0000000000000ae0                click_recognizer_get_button_id
 .text.cos_lookup
                0x0000000000000aec        0xc /home/dev/.pebble-sdk/SDKs/current/sdk-core/pebble/aplite/lib/libpebble.a(tmp7jpKUopebble.o)
                0x0000000000000aec                cos_lookup
 .text.dict_find
                0x0000000000000af8        0xc /home/dev/.pebble-sdk/SDKs/current/sdk-core/pebble/aplite/lib/libpebble.a(tmp7jpKUopebble.o)
                0x0000000000000af8                dict_find
 .text.dict_write_data
                0x0000000000000b04        0xc /home/dev/.pebble-sdk/SDKs/current/sdk-core/pebble/aplite/lib/libpebble.a(tmp7jpKUopebble.o)
                0x0000000000000b04                dict_write_data
 .text.fonts_get_system_font
                0x0000000000000b10        0xc /home/dev/.pebble-sdk/SDKs/current/sdk-core/pebble/aplite/lib/libpebble.a(tmp7jpKUopebble.o)
                0x0000000000000b10                fonts_get_system_font
 .text.fonts_load_custom_font
                0x0000000000000b1c        0xc /home/dev/.pebble-sdk/SDKs/current/sdk-core/pebble/aplite/lib/libpebble.a(tmp7jpKUopebble.o)
                0x0000000000000b1c                fonts_load_custom_font
 .text.fonts_unload_custom_font
                0x0000000000000b28        0xc /home/dev/.pebble-sdk/SDKs/current/sdk-core/pebble/aplite/lib/libpebble.a(tmp7jpKUopebble.o)
                0x0000000000000b28                fonts_unload_custom_font
 .text.free     0x0000000000000b34        0xc /home/dev/.pebble-sdk/SDKs/current/sdk-core/pebble/aplite/lib/libpebble.a(tmp7jpKUopebble.o)
                0x0000000000000b34                free
 .text.gbitmap_create_with_resource
                0x0000000000000b40        0xc /home/dev/.pebble-sdk/SDKs/current/sdk-core/pebble/aplite/lib/libpebble.a(tmp7jpKUopebble.o)
                0x0000000000000b40                gbitmap_create_with_resource
 .text.gbitmap_destroy
                0x0000000000000b4c        0xc /home/dev/.pebble-sdk/SDKs/current/sdk-core/pebble/aplite/lib/libpebble.a(tmp7jpKUopebble.o)
                0x0000000000000b4c                gbitmap_destroy
 .text.graphics_context_set_compositing_mode
                0x0000000000000b58        0xc /home/dev/.pebble-sdk/SDKs/current/sdk-core/pebble/aplite/lib/libpebble.a(tmp7jpKUopebble.o)
                0x0000000000000b58                graphics_context_set_compositing_mode
 .text.graphics_draw_bitmap_in_rect
                0x0000000000000b64        0xc /home/dev/.pebble-sdk/SDKs/current/sdk-core/pebble/aplite/lib/libpebble.a(tmp7jpKUopebble.o)
                0x0000000000000b64                graphics_draw_bitmap_in_rect
 .text.graphics_draw_circle
                0x0000000000000b70        0xc /home/dev/.pebble-sdk/SDKs/current/sdk-core/pebble/aplite/lib/libpebble.a(tmp7jpKUopebble.o)
                0x0000000000000b70                graphics_draw_circle
 .text.graphics_draw_line
                0x0000000000000b7c        0xc /home/dev/.pebble-sdk/SDKs/current/sdk-core/pebble/aplite/lib/libpebble.a(tmp7jpKUopebble.o)
                0x0000000000000b7c                graphics_draw_line
 .text.graphics_draw_round_rect
                0x0000000000000b88        0xc /home/dev/.pebble-sdk/SDKs/current/sdk-core/pebble/aplite/lib/libpebble.a(tmp7jpKUopebble.o)
                0x0000000000000b88                graphics_draw_round_rect
 .text.graphics_fill_circle
                0x0000000000000b94        0xc /home/dev/.pebble-sdk/SDKs/current/sdk-core/pebble/aplite/lib/libpebble.a(tmp7jpKUopebble.o)
                0x0000000000000b94                graphics_fill_circle
 .text.graphics_fill_rect
                0x0000000000000ba0        0xc /home/dev/.pebble-sdk/SDKs/current/sdk-core/pebble/aplite/lib/libpebble.a(tmp7jpKUopebble.o)
                0x0000000000000ba0                graphics_fill_rect
 .text.grect_center_point
                0x0000000000000bac        0xc /home/dev/.pebble-sdk/SDKs/current/sdk-core/pebble/aplite/lib/libpebble.a(tmp7jpKUopebble.o)
                0x0000000000000bac                grect_center_point
 .text.grect_standardize
                0x0000000000000bb8        0xc /home/dev/.pebble-sdk/SDKs/current/sdk-core/pebble/aplite/lib/libpebble.a(tmp7jpKUopebble.o)
                0x0000000000000bb8                grect_standardize
 .text.gsize_equal
                0x0000000000000bc4        0xc /home/dev/.pebble-sdk/SDKs/current/sdk-core/pebble/aplite/lib/libpebble.a(tmp7jpKUopebble.o)
                0x0000000000000bc4                gsize_equal
 .text.inverter_layer_create
                0x0000000000000bd0        0xc /home/dev/.pebble-sdk/SDKs/current/sdk-core/pebble/aplite/lib/libpebble.a(tmp7jpKUopebble.o)
                0x0000000000000bd0                inverter_layer_create
 .text.inverter_layer_destroy
                0x0000000000000bdc        0xc /home/dev/.pebble-sdk/SDKs/current/sdk-core/pebble/aplite/lib/libpebble.a(tmp7jpKUopebble.o)
                0x0000000000000bdc                inverter_layer_destroy
 .text.inverter_layer_get_layer
                0x0000000000000be8        0xc /home/dev/.pebble-sdk/SDKs/current/sdk-core/pebble/aplite/lib/libpebble.a(tmp7jpKUopebble.o)
                0x0000000000000be8                inverter_layer_get_layer
 .text.layer_add_child
                0x0000000000000bf4        0xc /home/dev/.pebble-sdk/SDKs/current/sdk-core/pebble/aplite/lib/libpebble.a(tmp7jpKUopebble.o)
                0x0000000000000bf4                layer_add_child
 .text.layer_create_with_data
                0x0000000000000c00        0xc /home/dev/.pebble-sdk/SDKs/current/sdk-core/pebble/aplite/lib/libpebble.a(tmp7jpKUopebble.o)
                0x0000000000000c00                layer_create_with_data
 .text.layer_destroy
                0x0000000000000c0c        0xc /home/dev/.pebble-sdk/SDKs/current/sdk-core/pebble/aplite/lib/libpebble.a(tmp7jpKUopebble.o)
                0x0000000000000c0c                layer_destroy
 .text.layer_get_bounds
                0x0000000000000c18        0xc /home/dev/.pebble-sdk/SDKs/current/sdk-core/pebble/aplite/lib/libpebble.a(tmp7jpKUopebble.o)
                0x0000000000000c18                layer_get_bounds
 .text.layer_get_data
                0x0000000000000c24        0xc /home/dev/.pebble-sdk/SDKs/current/sdk-core/pebble/aplite/lib/libpebble.a(tmp7jpKUopebble.o)
                0x0000000000000c24                layer_get_data
 .text.layer_get_frame
                0x0000000000000c30        0xc /home/dev/.pebble-sdk/SDKs/current/sdk-core/pebble/aplite/lib/libpebble.a(tmp7jpKUopebble.o)
                0x0000000000000c30                layer_get_frame
 .text.layer_get_window
                0x0000000000000c3c        0xc /home/dev/.pebble-sdk/SDKs/current/sdk-core/pebble/aplite/lib/libpebble.a(tmp7jpKUopebble.o)
                0x0000000000000c3c                layer_get_window
 .text.layer_mark_dirty
                0x0000000000000c48        0xc /home/dev/.pebble-sdk/SDKs/current/sdk-core/pebble/aplite/lib/libpebble.a(tmp7jpKUopebble.o)
                0x0000000000000c48                layer_mark_dirty
 .text.layer_remove_from_parent
                0x0000000000000c54        0xc /home/dev/.pebble-sdk/SDKs/current/sdk-core/pebble/aplite/lib/libpebble.a(tmp7jpKUopebble.o)
                0x0000000000000c54                layer_remove_from_parent
 .text.layer_set_frame
                0x0000000000000c60        0xc /home/dev/.pebble-sdk/SDKs/current/sdk-core/pebble/aplite/lib/libpebble.a(tmp7jpKUopebble.o)
                0x0000000000000c60                layer_set_frame
 .text.layer_set_update_proc
                0x0000000000000c6c        0xc /home/dev/.pebble-sdk/SDKs/current/sdk-core/pebble/aplite/lib/libpebble.a(tmp7jpKUopebble.o)
                0x0000000000000c6c                layer_set_update_proc
 .text.light_enable
                0x0000000000000c78        0xc /home/dev/.pebble-sdk/SDKs/current/sdk-core/pebble/aplite/lib/libpebble.a(tmp7jpKUopebble.o)
                0x0000000000000c78                light_enable
 .text.light_enable_interaction
                0x0000000000000c84        0xc /home/dev/.pebble-sdk/SDKs/current/sdk-core/pebble/aplite/lib/libpebble.a(tmp7jpKUopebble.o)
                0x0000000000000c84                light_enable_interaction
 .text.malloc   0x0000000000000c90        0xc /home/dev/.pebble-sdk/SDKs/current/sdk-core/pebble/aplite/lib/libpebble.a(tmp7jpKUopebble.o)
                0x0000000000000c90                malloc
 .text.memcpy   0x0000000000000c9c        0xc /home/dev/.pebble-sdk/SDKs/current/sdk-core/pebble/aplite/lib/libpebble.a(tmp7jpKUopebble.o)
                0x0000000000000c9c                memcpy
 .text.memset   0x0000000000000ca8        0xc /home/dev/.pebble-sdk/SDKs/current/sdk-core/pebble/aplite/lib/libpebble.a(tmp7jpKUopebble.o)
                0x0000000000000ca8                memset
 .text.menu_cell_basic_draw
                0x0000000000000cb4        0xc /home/dev/.pebble-sdk/SDKs/current/sdk-core/pebble/aplite/lib/libpebble.a(tmp7jpKUopebble.o)
                0x0000000000000cb4                menu_cell_basic_draw
 .text.menu_layer_destroy
                0x0000000000000cc0        0xc /home/dev/.pebble-sdk/SDKs/current/sdk-core/pebble/aplite/lib/libpebble.a(tmp7jpKUopebble.o)
                0x0000000000000cc0                menu_layer_destroy
 .text.menu_layer_get_layer
                0x0000000000000ccc        0xc /home/dev/.pebble-sdk/SDKs/current/sdk-core/pebble/aplite/lib/libpebble.a(tmp7jpKUopebble.o)
                0x0000000000000ccc                menu_layer_get_layer
 .text.menu_layer_get_selected_index
                0x0000000000000cd8        0xc /home/dev/.pebble-sdk/SDKs/current/sdk-core/pebble/aplite/lib/libpebble.a(tmp7jpKUopebble.o)
                0x0000000000000cd8                menu_layer_get_selected_index
 .text.menu_layer_reload_data
                0x0000000000000ce4        0xc /home/dev/.pebble-sdk/SDKs/current/sdk-core/pebble/aplite/lib/libpebble.a(tmp7jpKUopebble.o)
                0x0000000000000ce4                menu_layer_reload_data
 .text.menu_layer_set_click_config_onto_window
                0x0000000000000cf0        0xc /home/dev/.pebble-sdk/SDKs/current/sdk-core/pebble/aplite/lib/libpebble.a(tmp7jpKUopebble.o)
                0x0000000000000cf0                menu_layer_set_click_config_onto_window
 .text.menu_layer_set_selected_index
                0x0000000000000cfc        0xc /home/dev/.pebble-sdk/SDKs/current/sdk-core/pebble/aplite/lib/libpebble.a(tmp7jpKUopebble.o)
                0x0000000000000cfc                menu_layer_set_selected_index
 .text.resource_get_handle
                0x0000000000000d08        0xc /home/dev/.pebble-sdk/SDKs/current/sdk-core/pebble/aplite/lib/libpebble.a(tmp7jpKUopebble.o)
                0x0000000000000d08                resource_get_handle
 .text.scroll_layer_add_child
                0x0000000000000d14        0xc /home/dev/.pebble-sdk/SDKs/current/sdk-core/pebble/aplite/lib/libpebble.a(tmp7jpKUopebble.o)
                0x0000000000000d14                scroll_layer_add_child
 .text.scroll_layer_create
                0x0000000000000d20        0xc /home/dev/.pebble-sdk/SDKs/current/sdk-core/pebble/aplite/lib/libpebble.a(tmp7jpKUopebble.o)
                0x0000000000000d20                scroll_layer_create
 .text.scroll_layer_destroy
                0x0000000000000d2c        0xc /home/dev/.pebble-sdk/SDKs/current/sdk-core/pebble/aplite/lib/libpebble.a(tmp7jpKUopebble.o)
                0x0000000000000d2c                scroll_layer_destroy
 .text.scroll_layer_get_content_offset
                0x0000000000000d38        0xc /home/dev/.pebble-sdk/SDKs/current/sdk-core/pebble/aplite/lib/libpebble.a(tmp7jpKUopebble.o)
                0x0000000000000d38                scroll_layer_get_content_offset
 .text.scroll_layer_get_content_size
                0x0000000000000d44        0xc /home/dev/.pebble-sdk/SDKs/current/sdk-core/pebble/aplite/lib/libpebble.a(tmp7jpKUopebble.o)
                0x0000000000000d44                scroll_layer_get_content_size
 .text.scroll_layer_get_layer
                0x0000000000000d50        0xc /home/dev/.pebble-sdk/SDKs/current/sdk-core/pebble/aplite/lib/libpebble.a(tmp7jpKUopebble.o)
                0x0000000000000d50                scroll_layer_get_layer
 .text.scroll_layer_set_click_config_onto_window
                0x0000000000000d5c        0xc /home/dev/.pebble-sdk/SDKs/current/sdk-core/pebble/aplite/lib/libpebble.a(tmp7jpKUopebble.o)
                0x0000000000000d5c                scroll_layer_set_click_config_onto_window
 .text.scroll_layer_set_content_offset
                0x0000000000000d68        0xc /home/dev/.pebble-sdk/SDKs/current/sdk-core/pebble/aplite/lib/libpebble.a(tmp7jpKUopebble.o)
                0x0000000000000d68                scroll_layer_set_content_offset
 .text.scroll_layer_set_content_size
                0x0000000000000d74        0xc /home/dev/.pebble-sdk/SDKs/current/sdk-core/pebble/aplite/lib/libpebble.a(tmp7jpKUopebble.o)
                0x0000000000000d74                scroll_layer_set_content_size
 .text.scroll_layer_set_context
                0x0000000000000d80        0xc /home/dev/.pebble-sdk/SDKs/current/sdk-core/pebble/aplite/lib/libpebble.a(tmp7jpKUopebble.o)
                0x0000000000000d80                scroll_layer_set_context
 .text.scroll_layer_set_shadow_hidden
                0x0000000000000d8c        0xc /home/dev/.pebble-sdk/SDKs/current/sdk-core/pebble/aplite/lib/libpebble.a(tmp7jpKUopebble.o)
                0x0000000000000d8c                scroll_layer_set_shadow_hidden
 .text.sin_lookup
                0x0000000000000d98        0xc /home/dev/.pebble-sdk/SDKs/current/sdk-core/pebble/aplite/lib/libpebble.a(tmp7jpKUopebble.o)
                0x0000000000000d98                sin_lookup
 .text.strftime
                0x0000000000000da4        0xc /home/dev/.pebble-sdk/SDKs/current/sdk-core/pebble/aplite/lib/libpebble.a(tmp7jpKUopebble.o)
                0x0000000000000da4                strftime
 .text.strlen   0x0000000000000db0        0xc /home/dev/.pebble-sdk/SDKs/current/sdk-core/pebble/aplite/lib/libpebble.a(tmp7jpKUopebble.o)
                0x0000000000000db0                strlen
 .text.strncpy  0x0000000000000dbc        0xc /home/dev/.pebble-sdk/SDKs/current/sdk-core/pebble/aplite/lib/libpebble.a(tmp7jpKUopebble.o)
                0x0000000000000dbc                strncpy
 .text.tick_timer_service_subscribe
                0x0000000000000dc8        0xc /home/dev/.pebble-sdk/SDKs/current/sdk-core/pebble/aplite/lib/libpebble.a(tmp7jpKUopebble.o)
                0x0000000000000dc8                tick_timer_service_subscribe
 .text.tick_timer_service_unsubscribe
                0x0000000000000dd4        0xc /home/dev/.pebble-sdk/SDKs/current/sdk-core/pebble/aplite/lib/libpebble.a(tmp7jpKUopebble.o)
                0x0000000000000dd4                tick_timer_service_unsubscribe
 .text.vibes_double_pulse
                0x0000000000000de0        0xc /home/dev/.pebble-sdk/SDKs/current/sdk-core/pebble/aplite/lib/libpebble.a(tmp7jpKUopebble.o)
                0x0000000000000de0                vibes_double_pulse
 .text.vibes_long_pulse
                0x0000000000000dec        0xc /home/dev/.pebble-sdk/SDKs/current/sdk-core/pebble/aplite/lib/libpebble.a(tmp7jpKUopebble.o)
                0x0000000000000dec                vibes_long_pulse
 .text.vibes_short_pulse
                0x0000000000000df8        0xc /home/dev/.pebble-sdk/SDKs/current/sdk-core/pebble/aplite/lib/libpebble.a(tmp7jpKUopebble.o)
                0x0000000000000df8                vibes_short_pulse
 .text.window_create
                0x0000000000000e04        0xc /home/dev/.pebble-sdk/SDKs/current/sdk-core/pebble/aplite/lib/libpebble.a(tmp7jpKUopebble.o)
                0x0000000000000e04                window_create
 .text.window_destroy
                0x0000000000000e10        0xc /home/dev/.pebble-sdk/SDKs/current/sdk-core/pebble/aplite/lib/libpebble.a(tmp7jpKUopebble.o)
                0x0000000000000e10                window_destroy
 .text.window_get_click_config_provider
                0x0000000000000e1c        0xc /home/dev/.pebble-sdk/SDKs/current/sdk-core/pebble/aplite/lib/libpebble.a(tmp7jpKUopebble.o)
                0x0000000000000e1c                window_get_click_config_provider
 .text.window_get_root_layer
                0x0000000000000e28        0xc /home/dev/.pebble-sdk/SDKs/current/sdk-core/pebble/aplite/lib/libpebble.a(tmp7jpKUopebble.o)
                0x0000000000000e28                window_get_root_layer
 .text.window_set_click_config_provider_with_context
                0x0000000000000e34        0xc /home/dev/.pebble-sdk/SDKs/current/sdk-core/pebble/aplite/lib/libpebble.a(tmp7jpKUopebble.o)
                0x0000000000000e34                window_set_click_config_provider_with_context
 .text.window_set_window_handlers
                0x0000000000000e40        0xc /home/dev/.pebble-sdk/SDKs/current/sdk-core/pebble/aplite/lib/libpebble.a(tmp7jpKUopebble.o)
                0x0000000000000e40                window_set_window_handlers
 .text.window_stack_get_top_window
                0x0000000000000e4c        0xc /home/dev/.pebble-sdk/SDKs/current/sdk-core/pebble/aplite/lib/libpebble.a(tmp7jpKUopebble.o)
                0x0000000000000e4c                window_stack_get_top_window
 .text.window_stack_pop
                0x0000000000000e58        0xc /home/dev/.pebble-sdk/SDKs/current/sdk-core/pebble/aplite/lib/libpebble.a(tmp7jpKUopebble.o)
                0x0000000000000e58                window_stack_pop
 .text.window_stack_pop_all
                0x0000000000000e64        0xc /home/dev/.pebble-sdk/SDKs/current/sdk-core/pebble/aplite/lib/libpebble.a(tmp7jpKUopebble.o)
                0x0000000000000e64                window_stack_pop_all
 .text.window_stack_push
                0x0000000000000e70        0xc /home/dev/.pebble-sdk/SDKs/current/sdk-core/pebble/aplite/lib/libpebble.a(tmp7jpKUopebble.o)
                0x0000000000000e70                window_stack_push
 .text.window_stack_remove
                0x0000000000000e7c        0xc /home/dev/.pebble-sdk/SDKs/current/sdk-core/pebble/aplite/lib/libpebble.a(tmp7jpKUopebble.o)
                0x0000000000000e7c                window_stack_remove
 .text.window_get_user_data
                0x0000000000000e88        0xc /home/dev/.pebble-sdk/SDKs/current/sdk-core/pebble/aplite/lib/libpebble.a(tmp7jpKUopebble.o)
                0x0000000000000e88                window_get_user_data
 .text.window_set_user_data
                0x0000000000000e94        0xc /home/dev/.pebble-sdk/SDKs/current/sdk-core/pebble/aplite/lib/libpebble.a(tmp7jpKUopebble.o)
                0x0000000000000e94                window_set_user_data
 .text.app_message_outbox_begin
                0x0000000000000ea0        0xc /home/dev/.pebble-sdk/SDKs/current/sdk-core/pebble/aplite/lib/libpebble.a(tmp7jpKUopebble.o)
                0x0000000000000ea0                app_message_outbox_begin
 .text.app_message_outbox_send
                0x0000000000000eac        0xc /home/dev/.pebble-sdk/SDKs/current/sdk-core/pebble/aplite/lib/libpebble.a(tmp7jpKUopebble.o)
                0x0000000000000eac                app_message_outbox_send
 .text.app_message_register_inbox_dropped
                0x0000000000000eb8        0xc /home/dev/.pebble-sdk/SDKs/current/sdk-core/pebble/aplite/lib/libpebble.a(tmp7jpKUopebble.o)
                0x0000000000000eb8                app_message_register_inbox_dropped
 .text.app_message_register_inbox_received
                0x0000000000000ec4        0xc /home/dev/.pebble-sdk/SDKs/current/sdk-core/pebble/aplite/lib/libpebble.a(tmp7jpKUopebble.o)
                0x0000000000000ec4                app_message_register_inbox_received
 .text.app_message_register_outbox_failed
                0x0000000000000ed0        0xc /home/dev/.pebble-sdk/SDKs/current/sdk-core/pebble/aplite/lib/libpebble.a(tmp7jpKUopebble.o)
                0x0000000000000ed0                app_message_register_outbox_failed
 .text.app_message_register_outbox_sent
                0x0000000000000edc        0xc /home/dev/.pebble-sdk/SDKs/current/sdk-core/pebble/aplite/lib/libpebble.a(tmp7jpKUopebble.o)
                0x0000000000000edc                app_message_register_outbox_sent
 .text.app_message_set_context
                0x0000000000000ee8        0xc /home/dev/.pebble-sdk/SDKs/current/sdk-core/pebble/aplite/lib/libpebble.a(tmp7jpKUopebble.o)
                0x0000000000000ee8                app_message_set_context
 .text.window_long_click_subscribe
                0x0000000000000ef4        0xc /home/dev/.pebble-sdk/SDKs/current/sdk-core/pebble/aplite/lib/libpebble.a(tmp7jpKUopebble.o)
                0x0000000000000ef4                window_long_click_subscribe
 .text.window_set_click_context
                0x0000000000000f00        0xc /home/dev/.pebble-sdk/SDKs/current/sdk-core/pebble/aplite/lib/libpebble.a(tmp7jpKUopebble.o)
                0x0000000000000f00                window_set_click_context
 .text.window_single_click_subscribe
                0x0000000000000f0c        0xc /home/dev/.pebble-sdk/SDKs/current/sdk-core/pebble/aplite/lib/libpebble.a(tmp7jpKUopebble.o)
                0x0000000000000f0c                window_single_click_subscribe
 .text.graphics_draw_text
                0x0000000000000f18        0xc /home/dev/.pebble-sdk/SDKs/current/sdk-core/pebble/aplite/lib/libpebble.a(tmp7jpKUopebble.o)
                0x0000000000000f18                graphics_draw_text
 .text.accel_data_service_subscribe
                0x0000000000000f24        0xc /home/dev/.pebble-sdk/SDKs/current/sdk-core/pebble/aplite/lib/libpebble.a(tmp7jpKUopebble.o)
                0x0000000000000f24                accel_data_service_subscribe
 .text.launch_reason
                0x0000000000000f30        0xc /home/dev/.pebble-sdk/SDKs/current/sdk-core/pebble/aplite/lib/libpebble.a(tmp7jpKUopebble.o)
                0x0000000000000f30                launch_reason
 .text.wakeup_cancel
                0x0000000000000f3c        0xc /home/dev/.pebble-sdk/SDKs/current/sdk-core/pebble/aplite/lib/libpebble.a(tmp7jpKUopebble.o)
                0x0000000000000f3c                wakeup_cancel
 .text.wakeup_cancel_all
                0x0000000000000f48        0xc /home/dev/.pebble-sdk/SDKs/current/sdk-core/pebble/aplite/lib/libpebble.a(tmp7jpKUopebble.o)
                0x0000000000000f48                wakeup_cancel_all
 .text.wakeup_get_launch_event
                0x0000000000000f54        0xc /home/dev/.pebble-sdk/SDKs/current/sdk-core/pebble/aplite/lib/libpebble.a(tmp7jpKUopebble.o)
                0x0000000000000f54                wakeup_get_launch_event
 .text.wakeup_schedule
                0x0000000000000f60        0xc /home/dev/.pebble-sdk/SDKs/current/sdk-core/pebble/aplite/lib/libpebble.a(tmp7jpKUopebble.o)
                0x0000000000000f60                wakeup_schedule
 .text.wakeup_service_subscribe
                0x0000000000000f6c        0xc /home/dev/.pebble-sdk/SDKs/current/sdk-core/pebble/aplite/lib/libpebble.a(tmp7jpKUopebble.o)
                0x0000000000000f6c                wakeup_service_subscribe
 .text.clock_is_timezone_set
                0x0000000000000f78        0xc /home/dev/.pebble-sdk/SDKs/current/sdk-core/pebble/aplite/lib/libpebble.a(tmp7jpKUopebble.o)
                0x0000000000000f78                clock_is_timezone_set
 .text.graphics_context_set_fill_color
                0x0000000000000f84        0xc /home/dev/.pebble-sdk/SDKs/current/sdk-core/pebble/aplite/lib/libpebble.a(tmp7jpKUopebble.o)
                0x0000000000000f84                graphics_context_set_fill_color
 .text.graphics_context_set_stroke_color
                0x0000000000000f90        0xc /home/dev/.pebble-sdk/SDKs/current/sdk-core/pebble/aplite/lib/libpebble.a(tmp7jpKUopebble.o)
                0x0000000000000f90                graphics_context_set_stroke_color
 .text.graphics_context_set_text_color
                0x0000000000000f9c        0xc /home/dev/.pebble-sdk/SDKs/current/sdk-core/pebble/aplite/lib/libpebble.a(tmp7jpKUopebble.o)
                0x0000000000000f9c                graphics_context_set_text_color
 .text.window_set_background_color
                0x0000000000000fa8        0xc /home/dev/.pebble-sdk/SDKs/current/sdk-core/pebble/aplite/lib/libpebble.a(tmp7jpKUopebble.o)
                0x0000000000000fa8                window_set_background_color
 .text.localtime
                0x0000000000000fb4        0xc /home/dev/.pebble-sdk/SDKs/current/sdk-core/pebble/aplite/lib/libpebble.a(tmp7jpKUopebble.o)
                0x0000000000000fb4                localtime
 .text.animation_destroy
                0x0000000000000fc0        0xc /home/dev/.pebble-sdk/SDKs/current/sdk-core/pebble/aplite/lib/libpebble.a(tmp7jpKUopebble.o)
                0x0000000000000fc0                animation_destroy
 .text.animation_schedule
                0x0000000000000fcc        0xc /home/dev/.pebble-sdk/SDKs/current/sdk-core/pebble/aplite/lib/libpebble.a(tmp7jpKUopebble.o)
                0x0000000000000fcc                animation_schedule
 .text.animation_set_curve
                0x0000000000000fd8        0xc /home/dev/.pebble-sdk/SDKs/current/sdk-core/pebble/aplite/lib/libpebble.a(tmp7jpKUopebble.o)
                0x0000000000000fd8                animation_set_curve
 .text.animation_set_duration
                0x0000000000000fe4        0xc /home/dev/.pebble-sdk/SDKs/current/sdk-core/pebble/aplite/lib/libpebble.a(tmp7jpKUopebble.o)
                0x0000000000000fe4                animation_set_duration
 .text.animation_set_handlers
                0x0000000000000ff0        0xc /home/dev/.pebble-sdk/SDKs/current/sdk-core/pebble/aplite/lib/libpebble.a(tmp7jpKUopebble.o)
                0x0000000000000ff0                animation_set_handlers
 .text.animation_unschedule
                0x0000000000000ffc        0xc /home/dev/.pebble-sdk/SDKs/current/sdk-core/pebble/aplite/lib/libpebble.a(tmp7jpKUopebble.o)
                0x0000000000000ffc                animation_unschedule
 .text.property_animation_create
                0x0000000000001008        0xc /home/dev/.pebble-sdk/SDKs/current/sdk-core/pebble/aplite/lib/libpebble.a(tmp7jpKUopebble.o)
                0x0000000000001008                property_animation_create
 .text.property_animation_destroy
                0x0000000000001014        0xc /home/dev/.pebble-sdk/SDKs/current/sdk-core/pebble/aplite/lib/libpebble.a(tmp7jpKUopebble.o)
                0x0000000000001014                property_animation_destroy
 .text.property_animation_from
                0x0000000000001020        0xc /home/dev/.pebble-sdk/SDKs/current/sdk-core/pebble/aplite/lib/libpebble.a(tmp7jpKUopebble.o)
                0x0000000000001020                property_animation_from
 .text.property_animation_to
                0x000000000000102c        0xc /home/dev/.pebble-sdk/SDKs/current/sdk-core/pebble/aplite/lib/libpebble.a(tmp7jpKUopebble.o)
                0x000000000000102c                property_animation_to
 .text.property_animation_update_grect
                0x0000000000001038        0xc /home/dev/.pebble-sdk/SDKs/current/sdk-core/pebble/aplite/lib/libpebble.a(tmp7jpKUopebble.o)
                0x0000000000001038                property_animation_update_grect
 .text.gbitmap_get_bounds
                0x0000000000001044        0xc /home/dev/.pebble-sdk/SDKs/current/sdk-core/pebble/aplite/lib/libpebble.a(tmp7jpKUopebble.o)
                0x0000000000001044                gbitmap_get_bounds
 .text.gbitmap_get_format
                0x0000000000001050        0xc /home/dev/.pebble-sdk/SDKs/current/sdk-core/pebble/aplite/lib/libpebble.a(tmp7jpKUopebble.o)
                0x0000000000001050                gbitmap_get_format
 .text.gbitmap_get_palette
                0x000000000000105c        0xc /home/dev/.pebble-sdk/SDKs/current/sdk-core/pebble/aplite/lib/libpebble.a(tmp7jpKUopebble.o)
                0x000000000000105c                gbitmap_get_palette
 .text.gbitmap_set_palette
                0x0000000000001068        0xc /home/dev/.pebble-sdk/SDKs/current/sdk-core/pebble/aplite/lib/libpebble.a(tmp7jpKUopebble.o)
                0x0000000000001068                gbitmap_set_palette
 .text.gbitmap_create_from_png_data
                0x0000000000001074        0xc /home/dev/.pebble-sdk/SDKs/current/sdk-core/pebble/aplite/lib/libpebble.a(tmp7jpKUopebble.o)
                0x0000000000001074                gbitmap_create_from_png_data
 .text.launch_get_args
                0x0000000000001080        0xc /home/dev/.pebble-sdk/SDKs/current/sdk-core/pebble/aplite/lib/libpebble.a(tmp7jpKUopebble.o)
                0x0000000000001080                launch_get_args
 .text.menu_layer_create
                0x000000000000108c        0xc /home/dev/.pebble-sdk/SDKs/current/sdk-core/pebble/aplite/lib/libpebble.a(tmp7jpKUopebble.o)
                0x000000000000108c                menu_layer_create
 .text.graphics_context_set_antialiased
                0x0000000000001098        0xc /home/dev/.pebble-sdk/SDKs/current/sdk-core/pebble/aplite/lib/libpebble.a(tmp7jpKUopebble.o)
                0x0000000000001098                graphics_context_set_antialiased
 .text.graphics_context_set_stroke_width
                0x00000000000010a4        0xc /home/dev/.pebble-sdk/SDKs/current/sdk-core/pebble/aplite/lib/libpebble.a(tmp7jpKUopebble.o)
                0x00000000000010a4                graphics_context_set_stroke_width
 .text.action_bar_layer_add_to_window
                0x00000000000010b0        0xc /home/dev/.pebble-sdk/SDKs/current/sdk-core/pebble/aplite/lib/libpebble.a(tmp7jpKUopebble.o)
                0x00000000000010b0                action_bar_layer_add_to_window
 .text.action_bar_layer_clear_icon
                0x00000000000010bc        0xc /home/dev/.pebble-sdk/SDKs/current/sdk-core/pebble/aplite/lib/libpebble.a(tmp7jpKUopebble.o)
                0x00000000000010bc                action_bar_layer_clear_icon
 .text.action_bar_layer_create
                0x00000000000010c8        0xc /home/dev/.pebble-sdk/SDKs/current/sdk-core/pebble/aplite/lib/libpebble.a(tmp7jpKUopebble.o)
                0x00000000000010c8                action_bar_layer_create
 .text.action_bar_layer_destroy
                0x00000000000010d4        0xc /home/dev/.pebble-sdk/SDKs/current/sdk-core/pebble/aplite/lib/libpebble.a(tmp7jpKUopebble.o)
                0x00000000000010d4                action_bar_layer_destroy
 .text.action_bar_layer_get_layer
                0x00000000000010e0        0xc /home/dev/.pebble-sdk/SDKs/current/sdk-core/pebble/aplite/lib/libpebble.a(tmp7jpKUopebble.o)
                0x00000000000010e0                action_bar_layer_get_layer
 .text.action_bar_layer_remove_from_window
                0x00000000000010ec        0xc /home/dev/.pebble-sdk/SDKs/current/sdk-core/pebble/aplite/lib/libpebble.a(tmp7jpKUopebble.o)
                0x00000000000010ec                action_bar_layer_remove_from_window
 .text.action_bar_layer_set_background_color
                0x00000000000010f8        0xc /home/dev/.pebble-sdk/SDKs/current/sdk-core/pebble/aplite/lib/libpebble.a(tmp7jpKUopebble.o)
                0x00000000000010f8                action_bar_layer_set_background_color
 .text.action_bar_layer_set_click_config_provider
                0x0000000000001104        0xc /home/dev/.pebble-sdk/SDKs/current/sdk-core/pebble/aplite/lib/libpebble.a(tmp7jpKUopebble.o)
                0x0000000000001104                action_bar_layer_set_click_config_provider
 .text.action_bar_layer_set_context
                0x0000000000001110        0xc /home/dev/.pebble-sdk/SDKs/current/sdk-core/pebble/aplite/lib/libpebble.a(tmp7jpKUopebble.o)
                0x0000000000001110                action_bar_layer_set_context
 .text.action_bar_layer_set_icon
                0x000000000000111c        0xc /home/dev/.pebble-sdk/SDKs/current/sdk-core/pebble/aplite/lib/libpebble.a(tmp7jpKUopebble.o)
                0x000000000000111c                action_bar_layer_set_icon
 .text.menu_cell_layer_is_highlighted
                0x0000000000001128        0xc /home/dev/.pebble-sdk/SDKs/current/sdk-core/pebble/aplite/lib/libpebble.a(tmp7jpKUopebble.o)
                0x0000000000001128                menu_cell_layer_is_highlighted
 .text.time     0x0000000000001134        0xc /home/dev/.pebble-sdk/SDKs/current/sdk-core/pebble/aplite/lib/libpebble.a(tmp7jpKUopebble.o)
                0x0000000000001134                time
 .text.menu_layer_set_highlight_colors
                0x0000000000001140        0xc /home/dev/.pebble-sdk/SDKs/current/sdk-core/pebble/aplite/lib/libpebble.a(tmp7jpKUopebble.o)
                0x0000000000001140                menu_layer_set_highlight_colors
 .text.menu_layer_set_normal_colors
                0x000000000000114c        0xc /home/dev/.pebble-sdk/SDKs/current/sdk-core/pebble/aplite/lib/libpebble.a(tmp7jpKUopebble.o)
                0x000000000000114c                menu_layer_set_normal_colors
 .text.menu_layer_set_callbacks
                0x0000000000001158        0xc /home/dev/.pebble-sdk/SDKs/current/sdk-core/pebble/aplite/lib/libpebble.a(tmp7jpKUopebble.o)
                0x0000000000001158                menu_layer_set_callbacks
 .text.status_bar_layer_create
                0x0000000000001164        0xc /home/dev/.pebble-sdk/SDKs/current/sdk-core/pebble/aplite/lib/libpebble.a(tmp7jpKUopebble.o)
                0x0000000000001164                status_bar_layer_create
 .text.status_bar_layer_destroy
                0x0000000000001170        0xc /home/dev/.pebble-sdk/SDKs/current/sdk-core/pebble/aplite/lib/libpebble.a(tmp7jpKUopebble.o)
                0x0000000000001170                status_bar_layer_destroy
 .text.status_bar_layer_get_layer
                0x000000000000117c        0xc /home/dev/.pebble-sdk/SDKs/current/sdk-core/pebble/aplite/lib/libpebble.a(tmp7jpKUopebble.o)
                0x000000000000117c                status_bar_layer_get_layer
 .text.status_bar_layer_set_colors
                0x0000000000001188        0xc /home/dev/.pebble-sdk/SDKs/current/sdk-core/pebble/aplite/lib/libpebble.a(tmp7jpKUopebble.o)
                0x0000000000001188                status_bar_layer_set_colors
 .text.status_bar_layer_set_separator_mode
                0x0000000000001194        0xc /home/dev/.pebble-sdk/SDKs/current/sdk-core/pebble/aplite/lib/libpebble.a(tmp7jpKUopebble.o)
                0x0000000000001194                status_bar_layer_set_separator_mode
 .text.time_ms  0x00000000000011a0        0xc /home/dev/.pebble-sdk/SDKs/current/sdk-core/pebble/aplite/lib/libpebble.a(tmp7jpKUopebble.o)
                0x00000000000011a0                time_ms
 .text.grect_inset
                0x00000000000011ac        0xc /home/dev/.pebble-sdk/SDKs/current/sdk-core/pebble/aplite/lib/libpebble.a(tmp7jpKUopebble.o)
                0x00000000000011ac                grect_inset
 .text.gpoint_from_polar
                0x00000000000011b8        0xc /home/dev/.pebble-sdk/SDKs/current/sdk-core/pebble/aplite/lib/libpebble.a(tmp7jpKUopebble.o)
                0x00000000000011b8                gpoint_from_polar
 .text.graphics_draw_arc
                0x00000000000011c4        0xc /home/dev/.pebble-sdk/SDKs/current/sdk-core/pebble/aplite/lib/libpebble.a(tmp7jpKUopebble.o)
                0x00000000000011c4                graphics_draw_arc
 .text.graphics_fill_radial
                0x00000000000011d0        0xc /home/dev/.pebble-sdk/SDKs/current/sdk-core/pebble/aplite/lib/libpebble.a(tmp7jpKUopebble.o)
                0x00000000000011d0                graphics_fill_radial
 .text.graphics_text_attributes_create
                0x00000000000011dc        0xc /home/dev/.pebble-sdk/SDKs/current/sdk-core/pebble/aplite/lib/libpebble.a(tmp7jpKUopebble.o)
                0x00000000000011dc                graphics_text_attributes_create
 .text.graphics_text_attributes_destroy
                0x00000000000011e8        0xc /home/dev/.pebble-sdk/SDKs/current/sdk-core/pebble/aplite/lib/libpebble.a(tmp7jpKUopebble.o)
                0x00000000000011e8                graphics_text_attributes_destroy
 .text.graphics_text_layout_get_content_size_with_attributes
                0x00000000000011f4        0xc /home/dev/.pebble-sdk/SDKs/current/sdk-core/pebble/aplite/lib/libpebble.a(tmp7jpKUopebble.o)
                0x00000000000011f4                graphics_text_layout_get_content_size_with_attributes
 .text.scroll_layer_set_paging
                0x0000000000001200        0xc /home/dev/.pebble-sdk/SDKs/current/sdk-core/pebble/aplite/lib/libpebble.a(tmp7jpKUopebble.o)
                0x0000000000001200                scroll_layer_set_paging
 .text.simply_create
                0x000000000000120c       0x60 /mnt/e/Pebble Development/Github Repo/sports-app/app/node_modules/pebblejs/dist/binaries/aplite/libpebblejs.a(simply.c.21.o)
                0x000000000000120c                simply_create
 .text.simply_destroy
                0x000000000000126c       0x38 /mnt/e/Pebble Development/Github Repo/sports-app/app/node_modules/pebblejs/dist/binaries/aplite/libpebblejs.a(simply.c.21.o)
                0x000000000000126c                simply_destroy
 .text.handle_accel_tap
                0x00000000000012a4       0x1e /mnt/e/Pebble Development/Github Repo/sports-app/app/node_modules/pebblejs/dist/binaries/aplite/libpebblejs.a(simply_accel.c.21.o)
 .text.send_accel_data.isra.1
                0x00000000000012c2       0x4a /mnt/e/Pebble Development/Github Repo/sports-app/app/node_modules/pebblejs/dist/binaries/aplite/libpebblejs.a(simply_accel.c.21.o)
 .text.handle_accel_data
                0x000000000000130c        0x6 /mnt/e/Pebble Development/Github Repo/sports-app/app/node_modules/pebblejs/dist/binaries/aplite/libpebblejs.a(simply_accel.c.21.o)
 *fill*         0x0000000000001312        0x2 
 .text.accel_peek_timer_callback
                0x0000000000001314       0x40 /mnt/e/Pebble Development/Github Repo/sports-app/app/node_modules/pebblejs/dist/binaries/aplite/libpebblejs.a(simply_accel.c.21.o)
 .text.simply_accel_handle_packet
                0x0000000000001354       0x6c /mnt/e/Pebble Development/Github Repo/sports-app/app/node_modules/pebblejs/dist/binaries/aplite/libpebblejs.a(simply_accel.c.21.o)
                0x0000000000001354                simply_accel_handle_packet
 .text.simply_accel_create
                0x00000000000013c0       0x38 /mnt/e/Pebble Development/Github Repo/sports-app/app/node_modules/pebblejs/dist/binaries/aplite/libpebblejs.a(simply_accel.c.21.o)
                0x00000000000013c0                simply_accel_create
 .text.simply_accel_destroy
                0x00000000000013f8       0x20 /mnt/e/Pebble Development/Github Repo/sports-app/app/node_modules/pebblejs/dist/binaries/aplite/libpebblejs.a(simply_accel.c.21.o)
                0x00000000000013f8                simply_accel_destroy
 .text.list1_remove
                0x0000000000001418       0x32 /mnt/e/Pebble Development/Github Repo/sports-app/app/node_modules/pebblejs/dist/binaries/aplite/libpebblejs.a(simply_menu.c.21.o)
 .text.prv_section_filter
                0x000000000000144a        0xc /mnt/e/Pebble Development/Github Repo/sports-app/app/node_modules/pebblejs/dist/binaries/aplite/libpebblejs.a(simply_menu.c.21.o)
 .text.prv_item_filter
                0x0000000000001456       0x1a /mnt/e/Pebble Development/Github Repo/sports-app/app/node_modules/pebblejs/dist/binaries/aplite/libpebblejs.a(simply_menu.c.21.o)
 .text.prv_request_item_filter
                0x0000000000001470        0xc /mnt/e/Pebble Development/Github Repo/sports-app/app/node_modules/pebblejs/dist/binaries/aplite/libpebblejs.a(simply_menu.c.21.o)
 .text.prv_menu_get_num_sections_callback
                0x000000000000147c        0x4 /mnt/e/Pebble Development/Github Repo/sports-app/app/node_modules/pebblejs/dist/binaries/aplite/libpebblejs.a(simply_menu.c.21.o)
 .text.prv_free_title
                0x0000000000001480       0x20 /mnt/e/Pebble Development/Github Repo/sports-app/app/node_modules/pebblejs/dist/binaries/aplite/libpebblejs.a(simply_menu.c.21.o)
 .text.prv_destroy_section
                0x00000000000014a0       0x20 /mnt/e/Pebble Development/Github Repo/sports-app/app/node_modules/pebblejs/dist/binaries/aplite/libpebblejs.a(simply_menu.c.21.o)
 .text.prv_destroy_item
                0x00000000000014c0       0x28 /mnt/e/Pebble Development/Github Repo/sports-app/app/node_modules/pebblejs/dist/binaries/aplite/libpebblejs.a(simply_menu.c.21.o)
 .text.prv_menu_window_unload
                0x00000000000014e8       0x1c /mnt/e/Pebble Development/Github Repo/sports-app/app/node_modules/pebblejs/dist/binaries/aplite/libpebblejs.a(simply_menu.c.21.o)
 .text.prv_reload_data
                0x0000000000001504        0xa /mnt/e/Pebble Development/Github Repo/sports-app/app/node_modules/pebblejs/dist/binaries/aplite/libpebblejs.a(simply_menu.c.21.o)
 .text.simply_menu_clear
                0x000000000000150e       0x28 /mnt/e/Pebble Development/Github Repo/sports-app/app/node_modules/pebblejs/dist/binaries/aplite/libpebblejs.a(simply_menu.c.21.o)
 .text.prv_menu_window_disappear
                0x0000000000001536       0x22 /mnt/e/Pebble Development/Github Repo/sports-app/app/node_modules/pebblejs/dist/binaries/aplite/libpebblejs.a(simply_menu.c.21.o)
 .text.prv_menu_window_appear
                0x0000000000001558        0xe /mnt/e/Pebble Development/Github Repo/sports-app/app/node_modules/pebblejs/dist/binaries/aplite/libpebblejs.a(simply_menu.c.21.o)
 .text.prv_single_click_handler
                0x0000000000001566       0x1a /mnt/e/Pebble Development/Github Repo/sports-app/app/node_modules/pebblejs/dist/binaries/aplite/libpebblejs.a(simply_menu.c.21.o)
 .text.gpoint_polar
                0x0000000000001580       0x34 /mnt/e/Pebble Development/Github Repo/sports-app/app/node_modules/pebblejs/dist/binaries/aplite/libpebblejs.a(simply_menu.c.21.o)
 .text.prv_mark_dirty
                0x00000000000015b4       0x14 /mnt/e/Pebble Development/Github Repo/sports-app/app/node_modules/pebblejs/dist/binaries/aplite/libpebblejs.a(simply_menu.c.21.o)
 .text.strdup2  0x00000000000015c8       0x44 /mnt/e/Pebble Development/Github Repo/sports-app/app/node_modules/pebblejs/dist/binaries/aplite/libpebblejs.a(simply_menu.c.21.o)
 .text.prv_menu_window_load
                0x000000000000160c       0xf0 /mnt/e/Pebble Development/Github Repo/sports-app/app/node_modules/pebblejs/dist/binaries/aplite/libpebblejs.a(simply_menu.c.21.o)
 .text.list1_find_prev.constprop.8
                0x00000000000016fc       0x1c /mnt/e/Pebble Development/Github Repo/sports-app/app/node_modules/pebblejs/dist/binaries/aplite/libpebblejs.a(simply_menu.c.21.o)
 .text.refresh_spinner_timer
                0x0000000000001718       0x2c /mnt/e/Pebble Development/Github Repo/sports-app/app/node_modules/pebblejs/dist/binaries/aplite/libpebblejs.a(simply_menu.c.21.o)
 .text.spinner_timer_callback
                0x0000000000001744       0x16 /mnt/e/Pebble Development/Github Repo/sports-app/app/node_modules/pebblejs/dist/binaries/aplite/libpebblejs.a(simply_menu.c.21.o)
 *fill*         0x000000000000175a        0x2 
 .text.prv_click_config_provider
                0x000000000000175c       0x24 /mnt/e/Pebble Development/Github Repo/sports-app/app/node_modules/pebblejs/dist/binaries/aplite/libpebblejs.a(simply_menu.c.21.o)
 .text.prv_add_item
                0x0000000000001780       0x58 /mnt/e/Pebble Development/Github Repo/sports-app/app/node_modules/pebblejs/dist/binaries/aplite/libpebblejs.a(simply_menu.c.21.o)
 .text.prv_get_menu_section
                0x00000000000017d8       0x10 /mnt/e/Pebble Development/Github Repo/sports-app/app/node_modules/pebblejs/dist/binaries/aplite/libpebblejs.a(simply_menu.c.21.o)
 .text.prv_menu_get_num_rows_callback
                0x00000000000017e8       0x12 /mnt/e/Pebble Development/Github Repo/sports-app/app/node_modules/pebblejs/dist/binaries/aplite/libpebblejs.a(simply_menu.c.21.o)
 *fill*         0x00000000000017fa        0x2 
 .text.prv_menu_get_header_height_callback
                0x00000000000017fc       0x24 /mnt/e/Pebble Development/Github Repo/sports-app/app/node_modules/pebblejs/dist/binaries/aplite/libpebblejs.a(simply_menu.c.21.o)
 .text.prv_menu_select_long_click_callback
                0x0000000000001820       0x22 /mnt/e/Pebble Development/Github Repo/sports-app/app/node_modules/pebblejs/dist/binaries/aplite/libpebblejs.a(simply_menu.c.21.o)
 .text.prv_menu_select_click_callback
                0x0000000000001842       0x22 /mnt/e/Pebble Development/Github Repo/sports-app/app/node_modules/pebblejs/dist/binaries/aplite/libpebblejs.a(simply_menu.c.21.o)
 .text.prv_add_section
                0x0000000000001864       0x50 /mnt/e/Pebble Development/Github Repo/sports-app/app/node_modules/pebblejs/dist/binaries/aplite/libpebblejs.a(simply_menu.c.21.o)
 .text.prv_request_menu_section.part.2
                0x00000000000018b4       0x3e /mnt/e/Pebble Development/Github Repo/sports-app/app/node_modules/pebblejs/dist/binaries/aplite/libpebblejs.a(simply_menu.c.21.o)
 *fill*         0x00000000000018f2        0x2 
 .text.prv_menu_draw_row_callback
                0x00000000000018f4      0x274 /mnt/e/Pebble Development/Github Repo/sports-app/app/node_modules/pebblejs/dist/binaries/aplite/libpebblejs.a(simply_menu.c.21.o)
 .text.prv_menu_draw_header_callback
                0x0000000000001b68       0xc4 /mnt/e/Pebble Development/Github Repo/sports-app/app/node_modules/pebblejs/dist/binaries/aplite/libpebblejs.a(simply_menu.c.21.o)
 .text.simply_menu_handle_packet
                0x0000000000001c2c      0x1ec /mnt/e/Pebble Development/Github Repo/sports-app/app/node_modules/pebblejs/dist/binaries/aplite/libpebblejs.a(simply_menu.c.21.o)
                0x0000000000001c2c                simply_menu_handle_packet
 .text.simply_menu_create
                0x0000000000001e18       0x3c /mnt/e/Pebble Development/Github Repo/sports-app/app/node_modules/pebblejs/dist/binaries/aplite/libpebblejs.a(simply_menu.c.21.o)
                0x0000000000001e18                simply_menu_create
 .text.simply_menu_destroy
                0x0000000000001e54       0x16 /mnt/e/Pebble Development/Github Repo/sports-app/app/node_modules/pebblejs/dist/binaries/aplite/libpebblejs.a(simply_menu.c.21.o)
                0x0000000000001e54                simply_menu_destroy
 .text.list1_remove
                0x0000000000001e6a       0x32 /mnt/e/Pebble Development/Github Repo/sports-app/app/node_modules/pebblejs/dist/binaries/aplite/libpebblejs.a(simply_msg.c.21.o)
 .text.dropped_callback
                0x0000000000001e9c        0x2 /mnt/e/Pebble Development/Github Repo/sports-app/app/node_modules/pebblejs/dist/binaries/aplite/libpebblejs.a(simply_msg.c.21.o)
 .text.sent_callback
                0x0000000000001e9e        0x2 /mnt/e/Pebble Development/Github Repo/sports-app/app/node_modules/pebblejs/dist/binaries/aplite/libpebblejs.a(simply_msg.c.21.o)
 .text.send_msg
                0x0000000000001ea0       0x30 /mnt/e/Pebble Development/Github Repo/sports-app/app/node_modules/pebblejs/dist/binaries/aplite/libpebblejs.a(simply_msg.c.21.o)
 .text.handle_packet
                0x0000000000001ed0      0x18e /mnt/e/Pebble Development/Github Repo/sports-app/app/node_modules/pebblejs/dist/binaries/aplite/libpebblejs.a(simply_msg.c.21.o)
 *fill*         0x000000000000205e        0x2 
 .text.received_callback
                0x0000000000002060       0x38 /mnt/e/Pebble Development/Github Repo/sports-app/app/node_modules/pebblejs/dist/binaries/aplite/libpebblejs.a(simply_msg.c.21.o)
 .text.send_msg_retry
                0x0000000000002098       0xb8 /mnt/e/Pebble Development/Github Repo/sports-app/app/node_modules/pebblejs/dist/binaries/aplite/libpebblejs.a(simply_msg.c.21.o)
 .text.simply_msg_has_communicated
                0x0000000000002150        0xc /mnt/e/Pebble Development/Github Repo/sports-app/app/node_modules/pebblejs/dist/binaries/aplite/libpebblejs.a(simply_msg.c.21.o)
                0x0000000000002150                simply_msg_has_communicated
 .text.simply_msg_show_disconnected
                0x000000000000215c       0x58 /mnt/e/Pebble Development/Github Repo/sports-app/app/node_modules/pebblejs/dist/binaries/aplite/libpebblejs.a(simply_msg.c.21.o)
                0x000000000000215c                simply_msg_show_disconnected
 .text.failed_callback
                0x00000000000021b4       0x18 /mnt/e/Pebble Development/Github Repo/sports-app/app/node_modules/pebblejs/dist/binaries/aplite/libpebblejs.a(simply_msg.c.21.o)
 .text.simply_msg_create
                0x00000000000021cc       0x6c /mnt/e/Pebble Development/Github Repo/sports-app/app/node_modules/pebblejs/dist/binaries/aplite/libpebblejs.a(simply_msg.c.21.o)
                0x00000000000021cc                simply_msg_create
 .text.simply_msg_destroy
                0x0000000000002238       0x1c /mnt/e/Pebble Development/Github Repo/sports-app/app/node_modules/pebblejs/dist/binaries/aplite/libpebblejs.a(simply_msg.c.21.o)
                0x0000000000002238                simply_msg_destroy
 .text.simply_msg_send
                0x0000000000002254        0x4 /mnt/e/Pebble Development/Github Repo/sports-app/app/node_modules/pebblejs/dist/binaries/aplite/libpebblejs.a(simply_msg.c.21.o)
                0x0000000000002254                simply_msg_send
 .text.simply_msg_send_packet
                0x0000000000002258       0x84 /mnt/e/Pebble Development/Github Repo/sports-app/app/node_modules/pebblejs/dist/binaries/aplite/libpebblejs.a(simply_msg.c.21.o)
                0x0000000000002258                simply_msg_send_packet
 .text.list1_remove
                0x00000000000022dc       0x32 /mnt/e/Pebble Development/Github Repo/sports-app/app/node_modules/pebblejs/dist/binaries/aplite/libpebblejs.a(simply_res.c.21.o)
 .text.destroy_image
                0x000000000000230e       0x22 /mnt/e/Pebble Development/Github Repo/sports-app/app/node_modules/pebblejs/dist/binaries/aplite/libpebblejs.a(simply_res.c.21.o)
 .text.malloc0  0x0000000000002330       0x18 /mnt/e/Pebble Development/Github Repo/sports-app/app/node_modules/pebblejs/dist/binaries/aplite/libpebblejs.a(simply_res.c.21.o)
 .text.window_stack_schedule_top_window_render
                0x0000000000002348       0x12 /mnt/e/Pebble Development/Github Repo/sports-app/app/node_modules/pebblejs/dist/binaries/aplite/libpebblejs.a(simply_res.c.21.o)
 .text.setup_image
                0x000000000000235a       0x64 /mnt/e/Pebble Development/Github Repo/sports-app/app/node_modules/pebblejs/dist/binaries/aplite/libpebblejs.a(simply_res.c.21.o)
 .text.create_bitmap_with_png_data
                0x00000000000023be        0xc /mnt/e/Pebble Development/Github Repo/sports-app/app/node_modules/pebblejs/dist/binaries/aplite/libpebblejs.a(simply_res.c.21.o)
 .text.create_bitmap_with_id
                0x00000000000023ca       0x12 /mnt/e/Pebble Development/Github Repo/sports-app/app/node_modules/pebblejs/dist/binaries/aplite/libpebblejs.a(simply_res.c.21.o)
 .text.simply_res_evict_image
                0x00000000000023dc       0x1a /mnt/e/Pebble Development/Github Repo/sports-app/app/node_modules/pebblejs/dist/binaries/aplite/libpebblejs.a(simply_res.c.21.o)
                0x00000000000023dc                simply_res_evict_image
 .text.create_image
                0x00000000000023f6       0x48 /mnt/e/Pebble Development/Github Repo/sports-app/app/node_modules/pebblejs/dist/binaries/aplite/libpebblejs.a(simply_res.c.21.o)
 *fill*         0x000000000000243e        0x2 
 .text.simply_res_add_bundled_image
                0x0000000000002440       0x28 /mnt/e/Pebble Development/Github Repo/sports-app/app/node_modules/pebblejs/dist/binaries/aplite/libpebblejs.a(simply_res.c.21.o)
                0x0000000000002440                simply_res_add_bundled_image
 .text.simply_res_add_image
                0x0000000000002468       0x64 /mnt/e/Pebble Development/Github Repo/sports-app/app/node_modules/pebblejs/dist/binaries/aplite/libpebblejs.a(simply_res.c.21.o)
                0x0000000000002468                simply_res_add_image
 .text.simply_res_auto_image
                0x00000000000024cc       0x42 /mnt/e/Pebble Development/Github Repo/sports-app/app/node_modules/pebblejs/dist/binaries/aplite/libpebblejs.a(simply_res.c.21.o)
                0x00000000000024cc                simply_res_auto_image
 .text.simply_res_add_custom_font
                0x000000000000250e       0x40 /mnt/e/Pebble Development/Github Repo/sports-app/app/node_modules/pebblejs/dist/binaries/aplite/libpebblejs.a(simply_res.c.21.o)
                0x000000000000250e                simply_res_add_custom_font
 .text.simply_res_auto_font
                0x000000000000254e       0x2a /mnt/e/Pebble Development/Github Repo/sports-app/app/node_modules/pebblejs/dist/binaries/aplite/libpebblejs.a(simply_res.c.21.o)
                0x000000000000254e                simply_res_auto_font
 .text.simply_res_clear
                0x0000000000002578       0x34 /mnt/e/Pebble Development/Github Repo/sports-app/app/node_modules/pebblejs/dist/binaries/aplite/libpebblejs.a(simply_res.c.21.o)
                0x0000000000002578                simply_res_clear
 .text.simply_res_create
                0x00000000000025ac       0x2a /mnt/e/Pebble Development/Github Repo/sports-app/app/node_modules/pebblejs/dist/binaries/aplite/libpebblejs.a(simply_res.c.21.o)
                0x00000000000025ac                simply_res_create
 .text.simply_res_destroy
                0x00000000000025d6       0x12 /mnt/e/Pebble Development/Github Repo/sports-app/app/node_modules/pebblejs/dist/binaries/aplite/libpebblejs.a(simply_res.c.21.o)
                0x00000000000025d6                simply_res_destroy
 .text.window_load
                0x00000000000025e8       0x24 /mnt/e/Pebble Development/Github Repo/sports-app/app/node_modules/pebblejs/dist/binaries/aplite/libpebblejs.a(simply_splash.c.21.o)
 .text.layer_update_callback
                0x000000000000260c       0x24 /mnt/e/Pebble Development/Github Repo/sports-app/app/node_modules/pebblejs/dist/binaries/aplite/libpebblejs.a(simply_splash.c.21.o)
                0x000000000000260c                layer_update_callback
 .text.simply_splash_create
                0x0000000000002630       0x78 /mnt/e/Pebble Development/Github Repo/sports-app/app/node_modules/pebblejs/dist/binaries/aplite/libpebblejs.a(simply_splash.c.21.o)
                0x0000000000002630                simply_splash_create
 .text.simply_splash_destroy
                0x00000000000026a8       0x20 /mnt/e/Pebble Development/Github Repo/sports-app/app/node_modules/pebblejs/dist/binaries/aplite/libpebblejs.a(simply_splash.c.21.o)
                0x00000000000026a8                simply_splash_destroy
 .text.window_disappear
                0x00000000000026c8       0x1a /mnt/e/Pebble Development/Github Repo/sports-app/app/node_modules/pebblejs/dist/binaries/aplite/libpebblejs.a(simply_splash.c.21.o)
 .text.list1_remove
                0x00000000000026e2       0x32 /mnt/e/Pebble Development/Github Repo/sports-app/app/node_modules/pebblejs/dist/binaries/aplite/libpebblejs.a(simply_stage.c.21.o)
 .text.element_frame_getter
                0x0000000000002714       0x10 /mnt/e/Pebble Development/Github Repo/sports-app/app/node_modules/pebblejs/dist/binaries/aplite/libpebblejs.a(simply_stage.c.21.o)
 .text.window_unload
                0x0000000000002724       0x1e /mnt/e/Pebble Development/Github Repo/sports-app/app/node_modules/pebblejs/dist/binaries/aplite/libpebblejs.a(simply_stage.c.21.o)
 .text.destroy_animation
                0x0000000000002742       0x24 /mnt/e/Pebble Development/Github Repo/sports-app/app/node_modules/pebblejs/dist/binaries/aplite/libpebblejs.a(simply_stage.c.21.o)
 *fill*         0x0000000000002766        0x2 
 .text.simply_stage_update_ticker
                0x0000000000002768       0x2c /mnt/e/Pebble Development/Github Repo/sports-app/app/node_modules/pebblejs/dist/binaries/aplite/libpebblejs.a(simply_stage.c.21.o)
 .text.simply_stage_clear
                0x0000000000002794       0x52 /mnt/e/Pebble Development/Github Repo/sports-app/app/node_modules/pebblejs/dist/binaries/aplite/libpebblejs.a(simply_stage.c.21.o)
 .text.window_disappear
                0x00000000000027e6       0x22 /mnt/e/Pebble Development/Github Repo/sports-app/app/node_modules/pebblejs/dist/binaries/aplite/libpebblejs.a(simply_stage.c.21.o)
 .text.handle_tick
                0x0000000000002808       0x12 /mnt/e/Pebble Development/Github Repo/sports-app/app/node_modules/pebblejs/dist/binaries/aplite/libpebblejs.a(simply_stage.c.21.o)
 .text.simply_stage_update
                0x000000000000281a        0xa /mnt/e/Pebble Development/Github Repo/sports-app/app/node_modules/pebblejs/dist/binaries/aplite/libpebblejs.a(simply_stage.c.21.o)
 .text.window_appear
                0x0000000000002824       0x16 /mnt/e/Pebble Development/Github Repo/sports-app/app/node_modules/pebblejs/dist/binaries/aplite/libpebblejs.a(simply_stage.c.21.o)
 *fill*         0x000000000000283a        0x2 
 .text.window_load
                0x000000000000283c       0x68 /mnt/e/Pebble Development/Github Repo/sports-app/app/node_modules/pebblejs/dist/binaries/aplite/libpebblejs.a(simply_stage.c.21.o)
 .text.simply_stage_remove_element
                0x00000000000028a4       0x24 /mnt/e/Pebble Development/Github Repo/sports-app/app/node_modules/pebblejs/dist/binaries/aplite/libpebblejs.a(simply_stage.c.21.o)
 .text.simply_stage_set_element_frame.isra.12
                0x00000000000028c8       0x38 /mnt/e/Pebble Development/Github Repo/sports-app/app/node_modules/pebblejs/dist/binaries/aplite/libpebblejs.a(simply_stage.c.21.o)
 .text.element_frame_setter
                0x0000000000002900       0x1e /mnt/e/Pebble Development/Github Repo/sports-app/app/node_modules/pebblejs/dist/binaries/aplite/libpebblejs.a(simply_stage.c.21.o)
 .text.prv_draw_line_polar.constprop.15
                0x000000000000291e       0x46 /mnt/e/Pebble Development/Github Repo/sports-app/app/node_modules/pebblejs/dist/binaries/aplite/libpebblejs.a(simply_stage.c.21.o)
 .text.rect_element_draw.isra.6
                0x0000000000002964       0x3c /mnt/e/Pebble Development/Github Repo/sports-app/app/node_modules/pebblejs/dist/binaries/aplite/libpebblejs.a(simply_stage.c.21.o)
 .text.layer_update_callback
                0x00000000000029a0      0x390 /mnt/e/Pebble Development/Github Repo/sports-app/app/node_modules/pebblejs/dist/binaries/aplite/libpebblejs.a(simply_stage.c.21.o)
 .text.simply_stage_auto_element
                0x0000000000002d30       0x84 /mnt/e/Pebble Development/Github Repo/sports-app/app/node_modules/pebblejs/dist/binaries/aplite/libpebblejs.a(simply_stage.c.21.o)
 .text.animation_stopped
                0x0000000000002db4       0x34 /mnt/e/Pebble Development/Github Repo/sports-app/app/node_modules/pebblejs/dist/binaries/aplite/libpebblejs.a(simply_stage.c.21.o)
 .text.simply_stage_handle_packet
                0x0000000000002de8      0x2e8 /mnt/e/Pebble Development/Github Repo/sports-app/app/node_modules/pebblejs/dist/binaries/aplite/libpebblejs.a(simply_stage.c.21.o)
                0x0000000000002de8                simply_stage_handle_packet
 .text.simply_stage_create
                0x00000000000030d0       0x38 /mnt/e/Pebble Development/Github Repo/sports-app/app/node_modules/pebblejs/dist/binaries/aplite/libpebblejs.a(simply_stage.c.21.o)
                0x00000000000030d0                simply_stage_create
 .text.simply_stage_destroy
                0x0000000000003108       0x16 /mnt/e/Pebble Development/Github Repo/sports-app/app/node_modules/pebblejs/dist/binaries/aplite/libpebblejs.a(simply_stage.c.21.o)
                0x0000000000003108                simply_stage_destroy
 .text.is_string
                0x000000000000311e       0x10 /mnt/e/Pebble Development/Github Repo/sports-app/app/node_modules/pebblejs/dist/binaries/aplite/libpebblejs.a(simply_ui.c.21.o)
 .text.window_unload
                0x000000000000312e       0x1e /mnt/e/Pebble Development/Github Repo/sports-app/app/node_modules/pebblejs/dist/binaries/aplite/libpebblejs.a(simply_ui.c.21.o)
 .text.window_disappear
                0x000000000000314c       0x1c /mnt/e/Pebble Development/Github Repo/sports-app/app/node_modules/pebblejs/dist/binaries/aplite/libpebblejs.a(simply_ui.c.21.o)
 .text.window_appear
                0x0000000000003168        0xe /mnt/e/Pebble Development/Github Repo/sports-app/app/node_modules/pebblejs/dist/binaries/aplite/libpebblejs.a(simply_ui.c.21.o)
 .text.graphics_draw_bitmap_centered
                0x0000000000003176       0x62 /mnt/e/Pebble Development/Github Repo/sports-app/app/node_modules/pebblejs/dist/binaries/aplite/libpebblejs.a(simply_ui.c.21.o)
 .text.mark_dirty
                0x00000000000031d8        0xa /mnt/e/Pebble Development/Github Repo/sports-app/app/node_modules/pebblejs/dist/binaries/aplite/libpebblejs.a(simply_ui.c.21.o)
 .text.show_welcome_text
                0x00000000000031e2       0x18 /mnt/e/Pebble Development/Github Repo/sports-app/app/node_modules/pebblejs/dist/binaries/aplite/libpebblejs.a(simply_ui.c.21.o)
 *fill*         0x00000000000031fa        0x2 
 .text.layer_update_callback
                0x00000000000031fc      0x504 /mnt/e/Pebble Development/Github Repo/sports-app/app/node_modules/pebblejs/dist/binaries/aplite/libpebblejs.a(simply_ui.c.21.o)
 .text.initialize_styles
                0x0000000000003700       0xe0 /mnt/e/Pebble Development/Github Repo/sports-app/app/node_modules/pebblejs/dist/binaries/aplite/libpebblejs.a(simply_ui.c.21.o)
                0x0000000000003700                initialize_styles
 .text.simply_ui_set_style
                0x00000000000037e0       0x3c /mnt/e/Pebble Development/Github Repo/sports-app/app/node_modules/pebblejs/dist/binaries/aplite/libpebblejs.a(simply_ui.c.21.o)
                0x00000000000037e0                simply_ui_set_style
 .text.window_load
                0x000000000000381c       0x6c /mnt/e/Pebble Development/Github Repo/sports-app/app/node_modules/pebblejs/dist/binaries/aplite/libpebblejs.a(simply_ui.c.21.o)
 .text.simply_ui_set_text
                0x0000000000003888       0x74 /mnt/e/Pebble Development/Github Repo/sports-app/app/node_modules/pebblejs/dist/binaries/aplite/libpebblejs.a(simply_ui.c.21.o)
                0x0000000000003888                simply_ui_set_text
 .text.simply_ui_set_text_color
                0x00000000000038fc        0xc /mnt/e/Pebble Development/Github Repo/sports-app/app/node_modules/pebblejs/dist/binaries/aplite/libpebblejs.a(simply_ui.c.21.o)
                0x00000000000038fc                simply_ui_set_text_color
 .text.simply_ui_clear
                0x0000000000003908       0x56 /mnt/e/Pebble Development/Github Repo/sports-app/app/node_modules/pebblejs/dist/binaries/aplite/libpebblejs.a(simply_ui.c.21.o)
                0x0000000000003908                simply_ui_clear
 .text.simply_ui_handle_packet
                0x000000000000395e       0x70 /mnt/e/Pebble Development/Github Repo/sports-app/app/node_modules/pebblejs/dist/binaries/aplite/libpebblejs.a(simply_ui.c.21.o)
                0x000000000000395e                simply_ui_handle_packet
 *fill*         0x00000000000039ce        0x2 
 .text.simply_ui_create
                0x00000000000039d0       0x4c /mnt/e/Pebble Development/Github Repo/sports-app/app/node_modules/pebblejs/dist/binaries/aplite/libpebblejs.a(simply_ui.c.21.o)
                0x00000000000039d0                simply_ui_create
 .text.simply_ui_destroy
                0x0000000000003a1c       0x2a /mnt/e/Pebble Development/Github Repo/sports-app/app/node_modules/pebblejs/dist/binaries/aplite/libpebblejs.a(simply_ui.c.21.o)
                0x0000000000003a1c                simply_ui_destroy
 .text.wakeup_handler
                0x0000000000003a46       0x1c /mnt/e/Pebble Development/Github Repo/sports-app/app/node_modules/pebblejs/dist/binaries/aplite/libpebblejs.a(simply_wakeup.c.21.o)
 .text.wakeup_set_timer_callback
                0x0000000000003a62       0x20 /mnt/e/Pebble Development/Github Repo/sports-app/app/node_modules/pebblejs/dist/binaries/aplite/libpebblejs.a(simply_wakeup.c.21.o)
 *fill*         0x0000000000003a82        0x2 
 .text.simply_wakeup_handle_packet
                0x0000000000003a84       0xac /mnt/e/Pebble Development/Github Repo/sports-app/app/node_modules/pebblejs/dist/binaries/aplite/libpebblejs.a(simply_wakeup.c.21.o)
                0x0000000000003a84                simply_wakeup_handle_packet
 .text.simply_wakeup_init
                0x0000000000003b30        0xc /mnt/e/Pebble Development/Github Repo/sports-app/app/node_modules/pebblejs/dist/binaries/aplite/libpebblejs.a(simply_wakeup.c.21.o)
                0x0000000000003b30                simply_wakeup_init
 .text.prv_update_layer_placement
                0x0000000000003b3c       0x9e /mnt/e/Pebble Development/Github Repo/sports-app/app/node_modules/pebblejs/dist/binaries/aplite/libpebblejs.a(simply_window.c.21.o)
 .text.simply_window_single_click_handler
                0x0000000000003bda       0x5c /mnt/e/Pebble Development/Github Repo/sports-app/app/node_modules/pebblejs/dist/binaries/aplite/libpebblejs.a(simply_window.c.21.o)
                0x0000000000003bda                simply_window_single_click_handler
 *fill*         0x0000000000003c36        0x2 
 .text.scroll_layer_set_click_config_provider_onto_window.constprop.5
                0x0000000000003c38       0x30 /mnt/e/Pebble Development/Github Repo/sports-app/app/node_modules/pebblejs/dist/binaries/aplite/libpebblejs.a(simply_window.c.21.o)
 .text.click_config_provider
                0x0000000000003c68       0x7c /mnt/e/Pebble Development/Github Repo/sports-app/app/node_modules/pebblejs/dist/binaries/aplite/libpebblejs.a(simply_window.c.21.o)
 .text.long_click_handler
                0x0000000000003ce4       0x32 /mnt/e/Pebble Development/Github Repo/sports-app/app/node_modules/pebblejs/dist/binaries/aplite/libpebblejs.a(simply_window.c.21.o)
 .text.simply_window_set_scrollable
                0x0000000000003d16       0x8a /mnt/e/Pebble Development/Github Repo/sports-app/app/node_modules/pebblejs/dist/binaries/aplite/libpebblejs.a(simply_window.c.21.o)
                0x0000000000003d16                simply_window_set_scrollable
 .text.simply_window_set_status_bar
                0x0000000000003da0       0x46 /mnt/e/Pebble Development/Github Repo/sports-app/app/node_modules/pebblejs/dist/binaries/aplite/libpebblejs.a(simply_window.c.21.o)
                0x0000000000003da0                simply_window_set_status_bar
 .text.simply_window_set_background_color
                0x0000000000003de6        0xe /mnt/e/Pebble Development/Github Repo/sports-app/app/node_modules/pebblejs/dist/binaries/aplite/libpebblejs.a(simply_window.c.21.o)
                0x0000000000003de6                simply_window_set_background_color
 .text.simply_window_set_status_bar_colors
                0x0000000000003df4        0xa /mnt/e/Pebble Development/Github Repo/sports-app/app/node_modules/pebblejs/dist/binaries/aplite/libpebblejs.a(simply_window.c.21.o)
                0x0000000000003df4                simply_window_set_status_bar_colors
 .text.simply_window_set_status_bar_separator_mode
                0x0000000000003dfe        0xa /mnt/e/Pebble Development/Github Repo/sports-app/app/node_modules/pebblejs/dist/binaries/aplite/libpebblejs.a(simply_window.c.21.o)
                0x0000000000003dfe                simply_window_set_status_bar_separator_mode
 .text.simply_window_set_action_bar
                0x0000000000003e08       0x54 /mnt/e/Pebble Development/Github Repo/sports-app/app/node_modules/pebblejs/dist/binaries/aplite/libpebblejs.a(simply_window.c.21.o)
                0x0000000000003e08                simply_window_set_action_bar
 .text.simply_window_set_action_bar_icon
                0x0000000000003e5c       0x58 /mnt/e/Pebble Development/Github Repo/sports-app/app/node_modules/pebblejs/dist/binaries/aplite/libpebblejs.a(simply_window.c.21.o)
                0x0000000000003e5c                simply_window_set_action_bar_icon
 .text.simply_window_set_action_bar_background_color
                0x0000000000003eb4       0x38 /mnt/e/Pebble Development/Github Repo/sports-app/app/node_modules/pebblejs/dist/binaries/aplite/libpebblejs.a(simply_window.c.21.o)
                0x0000000000003eb4                simply_window_set_action_bar_background_color
 .text.simply_window_action_bar_clear
                0x0000000000003eec       0x2c /mnt/e/Pebble Development/Github Repo/sports-app/app/node_modules/pebblejs/dist/binaries/aplite/libpebblejs.a(simply_window.c.21.o)
                0x0000000000003eec                simply_window_action_bar_clear
 .text.simply_window_preload
                0x0000000000003f18       0x30 /mnt/e/Pebble Development/Github Repo/sports-app/app/node_modules/pebblejs/dist/binaries/aplite/libpebblejs.a(simply_window.c.21.o)
                0x0000000000003f18                simply_window_preload
 .text.simply_window_load
                0x0000000000003f48       0x94 /mnt/e/Pebble Development/Github Repo/sports-app/app/node_modules/pebblejs/dist/binaries/aplite/libpebblejs.a(simply_window.c.21.o)
                0x0000000000003f48                simply_window_load
 .text.simply_window_appear
                0x0000000000003fdc       0x1c /mnt/e/Pebble Development/Github Repo/sports-app/app/node_modules/pebblejs/dist/binaries/aplite/libpebblejs.a(simply_window.c.21.o)
                0x0000000000003fdc                simply_window_appear
 .text.simply_window_disappear
                0x0000000000003ff8       0x1c /mnt/e/Pebble Development/Github Repo/sports-app/app/node_modules/pebblejs/dist/binaries/aplite/libpebblejs.a(simply_window.c.21.o)
                0x0000000000003ff8                simply_window_disappear
 .text.simply_window_unload
                0x0000000000004014       0x32 /mnt/e/Pebble Development/Github Repo/sports-app/app/node_modules/pebblejs/dist/binaries/aplite/libpebblejs.a(simply_window.c.21.o)
                0x0000000000004014                simply_window_unload
 .text.simply_window_handle_packet
                0x0000000000004046       0xbe /mnt/e/Pebble Development/Github Repo/sports-app/app/node_modules/pebblejs/dist/binaries/aplite/libpebblejs.a(simply_window.c.21.o)
                0x0000000000004046                simply_window_handle_packet
 .text.simply_window_init
                0x0000000000004104       0x26 /mnt/e/Pebble Development/Github Repo/sports-app/app/node_modules/pebblejs/dist/binaries/aplite/libpebblejs.a(simply_window.c.21.o)
                0x0000000000004104                simply_window_init
 .text.simply_window_deinit
                0x000000000000412a       0x12 /mnt/e/Pebble Development/Github Repo/sports-app/app/node_modules/pebblejs/dist/binaries/aplite/libpebblejs.a(simply_window.c.21.o)
                0x000000000000412a                simply_window_deinit
 .text.show_window_sdk_3.isra.4
                0x000000000000413c       0x50 /mnt/e/Pebble Development/Github Repo/sports-app/app/node_modules/pebblejs/dist/binaries/aplite/libpebblejs.a(simply_window_stack.c.21.o)
 .text.simply_window_stack_set_broadcast
                0x000000000000418c       0x10 /mnt/e/Pebble Development/Github Repo/sports-app/app/node_modules/pebblejs/dist/binaries/aplite/libpebblejs.a(simply_window_stack.c.21.o)
                0x000000000000418c                simply_window_stack_set_broadcast
 .text.simply_window_stack_get_top_window
                0x000000000000419c       0x20 /mnt/e/Pebble Development/Github Repo/sports-app/app/node_modules/pebblejs/dist/binaries/aplite/libpebblejs.a(simply_window_stack.c.21.o)
                0x000000000000419c                simply_window_stack_get_top_window
 .text.simply_window_stack_show
                0x00000000000041bc        0x4 /mnt/e/Pebble Development/Github Repo/sports-app/app/node_modules/pebblejs/dist/binaries/aplite/libpebblejs.a(simply_window_stack.c.21.o)
                0x00000000000041bc                simply_window_stack_show
 .text.simply_window_stack_pop
                0x00000000000041c0       0x26 /mnt/e/Pebble Development/Github Repo/sports-app/app/node_modules/pebblejs/dist/binaries/aplite/libpebblejs.a(simply_window_stack.c.21.o)
                0x00000000000041c0                simply_window_stack_pop
 *fill*         0x00000000000041e6        0x2 
 .text.simply_window_stack_send_show
                0x00000000000041e8       0x30 /mnt/e/Pebble Development/Github Repo/sports-app/app/node_modules/pebblejs/dist/binaries/aplite/libpebblejs.a(simply_window_stack.c.21.o)
                0x00000000000041e8                simply_window_stack_send_show
 .text.simply_window_stack_send_hide
                0x0000000000004218       0x30 /mnt/e/Pebble Development/Github Repo/sports-app/app/node_modules/pebblejs/dist/binaries/aplite/libpebblejs.a(simply_window_stack.c.21.o)
                0x0000000000004218                simply_window_stack_send_hide
 .text.simply_window_stack_back
                0x0000000000004248       0x1a /mnt/e/Pebble Development/Github Repo/sports-app/app/node_modules/pebblejs/dist/binaries/aplite/libpebblejs.a(simply_window_stack.c.21.o)
                0x0000000000004248                simply_window_stack_back
 .text.simply_window_stack_handle_packet
                0x0000000000004262       0x4a /mnt/e/Pebble Development/Github Repo/sports-app/app/node_modules/pebblejs/dist/binaries/aplite/libpebblejs.a(simply_window_stack.c.21.o)
                0x0000000000004262                simply_window_stack_handle_packet
 .text.simply_window_stack_create
                0x00000000000042ac       0x12 /mnt/e/Pebble Development/Github Repo/sports-app/app/node_modules/pebblejs/dist/binaries/aplite/libpebblejs.a(simply_window_stack.c.21.o)
                0x00000000000042ac                simply_window_stack_create
 .text.simply_window_stack_destroy
                0x00000000000042be        0x8 /mnt/e/Pebble Development/Github Repo/sports-app/app/node_modules/pebblejs/dist/binaries/aplite/libpebblejs.a(simply_window_stack.c.21.o)
                0x00000000000042be                simply_window_stack_destroy
 *(.rodata)
 *(.rodata*)
 .rodata.str1.1
                0x00000000000042c6       0x1b /mnt/e/Pebble Development/Github Repo/sports-app/app/node_modules/pebblejs/dist/binaries/aplite/libpebblejs.a(simply_menu.c.21.o)
                                         0x1c (size before relaxing)
 .rodata.str1.1
                0x00000000000042e1       0x26 /mnt/e/Pebble Development/Github Repo/sports-app/app/node_modules/pebblejs/dist/binaries/aplite/libpebblejs.a(simply_msg.c.21.o)
 .rodata.str1.1
                0x0000000000004307       0x16 /mnt/e/Pebble Development/Github Repo/sports-app/app/node_modules/pebblejs/dist/binaries/aplite/libpebblejs.a(simply_stage.c.21.o)
 .rodata.CSWTCH.22
                0x000000000000431d        0x7 /mnt/e/Pebble Development/Github Repo/sports-app/app/node_modules/pebblejs/dist/binaries/aplite/libpebblejs.a(simply_stage.c.21.o)
 .rodata.str1.1
                0x0000000000004324       0x7d /mnt/e/Pebble Development/Github Repo/sports-app/app/node_modules/pebblejs/dist/binaries/aplite/libpebblejs.a(simply_ui.c.21.o)

.glue_7         0x00000000000043a4        0x0
 .glue_7        0x0000000000000000        0x0 linker stubs

.glue_7t        0x00000000000043a4        0x0
 .glue_7t       0x0000000000000000        0x0 linker stubs

.vfp11_veneer   0x00000000000043a4        0x0
 .vfp11_veneer  0x0000000000000000        0x0 linker stubs

.v4_bx          0x00000000000043a4        0x0
 .v4_bx         0x0000000000000000        0x0 linker stubs

.iplt           0x00000000000043a4        0x0
 .iplt          0x0000000000000000        0x0 /mnt/c/users/iwill/pebble-dev/pebble-sdk-4.5-linux64/arm-cs-tools/bin/../lib/gcc/arm-none-eabi/4.7.2/thumb2/crtbegin.o

.rel.dyn        0x00000000000043a4        0x0
 .rel.iplt      0x0000000000000000        0x0 /mnt/c/users/iwill/pebble-dev/pebble-sdk-4.5-linux64/arm-cs-tools/bin/../lib/gcc/arm-none-eabi/4.7.2/thumb2/crtbegin.o
 .rel.got       0x0000000000000000        0x0 /mnt/c/users/iwill/pebble-dev/pebble-sdk-4.5-linux64/arm-cs-tools/bin/../lib/gcc/arm-none-eabi/4.7.2/thumb2/crtbegin.o

.ARM.exidx      0x00000000000043a4        0x8
 .ARM.exidx     0x00000000000043a4        0x8 /mnt/c/users/iwill/pebble-dev/pebble-sdk-4.5-linux64/arm-cs-tools/bin/../lib/gcc/arm-none-eabi/4.7.2/thumb2/libgcc.a(_divdi3.o)
 .ARM.exidx     0x00000000000043ac        0x0 /mnt/c/users/iwill/pebble-dev/pebble-sdk-4.5-linux64/arm-cs-tools/bin/../lib/gcc/arm-none-eabi/4.7.2/thumb2/libgcc.a(_udivdi3.o)
                                          0x8 (size before relaxing)

.data           0x00000000000043ac       0x5b
 *(.data)
 .data          0x00000000000043ac        0x0 /mnt/c/users/iwill/pebble-dev/pebble-sdk-4.5-linux64/arm-cs-tools/bin/../lib/gcc/arm-none-eabi/4.7.2/thumb2/crti.o
 .data          0x00000000000043ac        0x4 /mnt/c/users/iwill/pebble-dev/pebble-sdk-4.5-linux64/arm-cs-tools/bin/../lib/gcc/arm-none-eabi/4.7.2/thumb2/crtbegin.o
                0x00000000000043ac                __dso_handle
 .data          0x00000000000043b0        0x0 src/c/Sports.c.33.o
 .data          0x00000000000043b0        0x0 aplite/appinfo.auto.c.33.o
 .data          0x00000000000043b0        0x0 aplite/src/resource_ids.auto.c.33.o
 .data          0x00000000000043b0        0x0 src/message_keys.auto.c.33.o
 .data          0x00000000000043b0        0x0 /home/dev/.pebble-sdk/SDKs/current/sdk-core/pebble/aplite/lib/libpebble.a(tmp7jpKUopebble.o)
 .data          0x00000000000043b0        0x0 /mnt/e/Pebble Development/Github Repo/sports-app/app/node_modules/pebblejs/dist/binaries/aplite/libpebblejs.a(simply.c.21.o)
 .data          0x00000000000043b0        0x0 /mnt/e/Pebble Development/Github Repo/sports-app/app/node_modules/pebblejs/dist/binaries/aplite/libpebblejs.a(simply_accel.c.21.o)
 .data          0x00000000000043b0        0x0 /mnt/e/Pebble Development/Github Repo/sports-app/app/node_modules/pebblejs/dist/binaries/aplite/libpebblejs.a(simply_menu.c.21.o)
 .data          0x00000000000043b0        0x0 /mnt/e/Pebble Development/Github Repo/sports-app/app/node_modules/pebblejs/dist/binaries/aplite/libpebblejs.a(simply_msg.c.21.o)
 .data          0x00000000000043b0        0x0 /mnt/e/Pebble Development/Github Repo/sports-app/app/node_modules/pebblejs/dist/binaries/aplite/libpebblejs.a(simply_res.c.21.o)
 .data          0x00000000000043b0        0x0 /mnt/e/Pebble Development/Github Repo/sports-app/app/node_modules/pebblejs/dist/binaries/aplite/libpebblejs.a(simply_splash.c.21.o)
 .data          0x00000000000043b0        0x0 /mnt/e/Pebble Development/Github Repo/sports-app/app/node_modules/pebblejs/dist/binaries/aplite/libpebblejs.a(simply_stage.c.21.o)
 .data          0x00000000000043b0        0x0 /mnt/e/Pebble Development/Github Repo/sports-app/app/node_modules/pebblejs/dist/binaries/aplite/libpebblejs.a(simply_ui.c.21.o)
 .data          0x00000000000043b0        0x0 /mnt/e/Pebble Development/Github Repo/sports-app/app/node_modules/pebblejs/dist/binaries/aplite/libpebblejs.a(simply_wakeup.c.21.o)
 .data          0x00000000000043b0        0x0 /mnt/e/Pebble Development/Github Repo/sports-app/app/node_modules/pebblejs/dist/binaries/aplite/libpebblejs.a(simply_window.c.21.o)
 .data          0x00000000000043b0        0x0 /mnt/e/Pebble Development/Github Repo/sports-app/app/node_modules/pebblejs/dist/binaries/aplite/libpebblejs.a(simply_window_stack.c.21.o)
 .data          0x00000000000043b0        0x0 /mnt/c/users/iwill/pebble-dev/pebble-sdk-4.5-linux64/arm-cs-tools/bin/../lib/gcc/arm-none-eabi/4.7.2/thumb2/libgcc.a(_aeabi_ldivmod.o)
 .data          0x00000000000043b0        0x0 /mnt/c/users/iwill/pebble-dev/pebble-sdk-4.5-linux64/arm-cs-tools/bin/../lib/gcc/arm-none-eabi/4.7.2/thumb2/libgcc.a(bpabi.o)
 .data          0x00000000000043b0        0x0 /mnt/c/users/iwill/pebble-dev/pebble-sdk-4.5-linux64/arm-cs-tools/bin/../lib/gcc/arm-none-eabi/4.7.2/thumb2/libgcc.a(_dvmd_tls.o)
 .data          0x00000000000043b0        0x0 /mnt/c/users/iwill/pebble-dev/pebble-sdk-4.5-linux64/arm-cs-tools/bin/../lib/gcc/arm-none-eabi/4.7.2/thumb2/libgcc.a(_divdi3.o)
 .data          0x00000000000043b0        0x0 /mnt/c/users/iwill/pebble-dev/pebble-sdk-4.5-linux64/arm-cs-tools/bin/../lib/gcc/arm-none-eabi/4.7.2/thumb2/libgcc.a(_udivdi3.o)
 .data          0x00000000000043b0        0x0 /mnt/c/users/iwill/pebble-dev/pebble-sdk-4.5-linux64/arm-cs-tools/bin/../lib/gcc/arm-none-eabi/4.7.2/thumb2/libgcc.a(_udivsi3.o)
 .data          0x00000000000043b0        0x0 /mnt/c/users/iwill/pebble-dev/pebble-sdk-4.5-linux64/arm-cs-tools/bin/../lib/gcc/arm-none-eabi/4.7.2/thumb2/crtend.o
 .data          0x00000000000043b0        0x0 /mnt/c/users/iwill/pebble-dev/pebble-sdk-4.5-linux64/arm-cs-tools/bin/../lib/gcc/arm-none-eabi/4.7.2/thumb2/crtn.o
 *(.data.*)
 .data.RESOURCE_ID_SIMPLY_IMAGE_TILE_SPLASH
                0x00000000000043b0        0x4 aplite/src/resource_ids.auto.c.33.o
                0x00000000000043b0                RESOURCE_ID_SIMPLY_IMAGE_TILE_SPLASH
 .data.RESOURCE_ID_SIMPLY_MONO_FONT_14
                0x00000000000043b4        0x4 aplite/src/resource_ids.auto.c.33.o
                0x00000000000043b4                RESOURCE_ID_SIMPLY_MONO_FONT_14
 .data.s_normal_palette
                0x00000000000043b8        0x2 /mnt/e/Pebble Development/Github Repo/sports-app/app/node_modules/pebblejs/dist/binaries/aplite/libpebblejs.a(simply_menu.c.21.o)
 *fill*         0x00000000000043ba        0x2 
 .data.rel.ro.local.s_window_handlers.8423
                0x00000000000043bc       0x10 /mnt/e/Pebble Development/Github Repo/sports-app/app/node_modules/pebblejs/dist/binaries/aplite/libpebblejs.a(simply_menu.c.21.o)
 .data.s_inverted_palette
                0x00000000000043cc        0x2 /mnt/e/Pebble Development/Github Repo/sports-app/app/node_modules/pebblejs/dist/binaries/aplite/libpebblejs.a(simply_menu.c.21.o)
 *fill*         0x00000000000043ce        0x2 
 .data.rel.ro.local.s_window_handlers.8464
                0x00000000000043d0       0x10 /mnt/e/Pebble Development/Github Repo/sports-app/app/node_modules/pebblejs/dist/binaries/aplite/libpebblejs.a(simply_stage.c.21.o)
 .data.rel.ro.implementation.8338
                0x00000000000043e0       0x14 /mnt/e/Pebble Development/Github Repo/sports-app/app/node_modules/pebblejs/dist/binaries/aplite/libpebblejs.a(simply_stage.c.21.o)
 .data.rel.ro.local.s_window_handlers.8213
                0x00000000000043f4       0x10 /mnt/e/Pebble Development/Github Repo/sports-app/app/node_modules/pebblejs/dist/binaries/aplite/libpebblejs.a(simply_ui.c.21.o)
 .data.s_button_palette
                0x0000000000004404        0x2 /mnt/e/Pebble Development/Github Repo/sports-app/app/node_modules/pebblejs/dist/binaries/aplite/libpebblejs.a(simply_window.c.21.o)
 .data.s_broadcast_window
                0x0000000000004406        0x1 /mnt/e/Pebble Development/Github Repo/sports-app/app/node_modules/pebblejs/dist/binaries/aplite/libpebblejs.a(simply_window_stack.c.21.o)

.igot.plt       0x0000000000004408        0x0
 .igot.plt      0x0000000000000000        0x0 /mnt/c/users/iwill/pebble-dev/pebble-sdk-4.5-linux64/arm-cs-tools/bin/../lib/gcc/arm-none-eabi/4.7.2/thumb2/crtbegin.o

.got            0x0000000000004408        0x8
 .got           0x0000000000004408        0x8 /mnt/c/users/iwill/pebble-dev/pebble-sdk-4.5-linux64/arm-cs-tools/bin/../lib/gcc/arm-none-eabi/4.7.2/thumb2/crtbegin.o

.got.plt        0x0000000000004410        0xc
 .got.plt       0x0000000000004410        0xc /mnt/c/users/iwill/pebble-dev/pebble-sdk-4.5-linux64/arm-cs-tools/bin/../lib/gcc/arm-none-eabi/4.7.2/thumb2/crtbegin.o
                0x0000000000004410                _GLOBAL_OFFSET_TABLE_

.bss            0x000000000000441c      0x174
 *(.bss)
 *(.bss.*)
 .bss.s_accel   0x000000000000441c        0x4 /mnt/e/Pebble Development/Github Repo/sports-app/app/node_modules/pebblejs/dist/binaries/aplite/libpebblejs.a(simply_accel.c.21.o)
 .bss.s_provider.7979
                0x0000000000004420        0x4 /mnt/e/Pebble Development/Github Repo/sports-app/app/node_modules/pebblejs/dist/binaries/aplite/libpebblejs.a(simply_menu.c.21.o)
 .bss.s_has_communicated
                0x0000000000004424        0x1 /mnt/e/Pebble Development/Github Repo/sports-app/app/node_modules/pebblejs/dist/binaries/aplite/libpebblejs.a(simply_msg.c.21.o)
 *fill*         0x0000000000004425        0x3 
 .bss.s_msg     0x0000000000004428        0x4 /mnt/e/Pebble Development/Github Repo/sports-app/app/node_modules/pebblejs/dist/binaries/aplite/libpebblejs.a(simply_msg.c.21.o)
 .bss.time_text.8225
                0x000000000000442c      0x100 /mnt/e/Pebble Development/Github Repo/sports-app/app/node_modules/pebblejs/dist/binaries/aplite/libpebblejs.a(simply_stage.c.21.o)
 .bss.STYLES    0x000000000000452c       0x5f /mnt/e/Pebble Development/Github Repo/sports-app/app/node_modules/pebblejs/dist/binaries/aplite/libpebblejs.a(simply_ui.c.21.o)
 *fill*         0x000000000000458b        0x1 
 .bss.s_provider.7975
                0x000000000000458c        0x4 /mnt/e/Pebble Development/Github Repo/sports-app/app/node_modules/pebblejs/dist/binaries/aplite/libpebblejs.a(simply_window.c.21.o)

DISCARD
 libc.a(*)
 libm.a(*)
 libgcc.a(*)
 *(.eh_frame)
OUTPUT(/mnt/e/Pebble Development/Github Repo/sports-app/app/build/aplite/pebble-app.elf elf32-littlearm)

.ARM.attributes
                0x0000000000000000       0x27
 .ARM.attributes
                0x0000000000000000       0x19 /mnt/c/users/iwill/pebble-dev/pebble-sdk-4.5-linux64/arm-cs-tools/bin/../lib/gcc/arm-none-eabi/4.7.2/thumb2/crti.o
 .ARM.attributes
                0x0000000000000019       0x29 /mnt/c/users/iwill/pebble-dev/pebble-sdk-4.5-linux64/arm-cs-tools/bin/../lib/gcc/arm-none-eabi/4.7.2/thumb2/crtbegin.o
 .ARM.attributes
                0x0000000000000042       0x33 src/c/Sports.c.33.o
 .ARM.attributes
                0x0000000000000075       0x33 aplite/appinfo.auto.c.33.o
 .ARM.attributes
                0x00000000000000a8       0x33 aplite/src/resource_ids.auto.c.33.o
 .ARM.attributes
                0x00000000000000db       0x33 src/message_keys.auto.c.33.o
 .ARM.attributes
                0x000000000000010e       0x21 /home/dev/.pebble-sdk/SDKs/current/sdk-core/pebble/aplite/lib/libpebble.a(tmp7jpKUopebble.o)
 .ARM.attributes
                0x000000000000012f       0x33 /mnt/e/Pebble Development/Github Repo/sports-app/app/node_modules/pebblejs/dist/binaries/aplite/libpebblejs.a(simply.c.21.o)
 .ARM.attributes
                0x0000000000000162       0x33 /mnt/e/Pebble Development/Github Repo/sports-app/app/node_modules/pebblejs/dist/binaries/aplite/libpebblejs.a(simply_accel.c.21.o)
 .ARM.attributes
                0x0000000000000195       0x33 /mnt/e/Pebble Development/Github Repo/sports-app/app/node_modules/pebblejs/dist/binaries/aplite/libpebblejs.a(simply_menu.c.21.o)
 .ARM.attributes
                0x00000000000001c8       0x33 /mnt/e/Pebble Development/Github Repo/sports-app/app/node_modules/pebblejs/dist/binaries/aplite/libpebblejs.a(simply_msg.c.21.o)
 .ARM.attributes
                0x00000000000001fb       0x33 /mnt/e/Pebble Development/Github Repo/sports-app/app/node_modules/pebblejs/dist/binaries/aplite/libpebblejs.a(simply_res.c.21.o)
 .ARM.attributes
                0x000000000000022e       0x33 /mnt/e/Pebble Development/Github Repo/sports-app/app/node_modules/pebblejs/dist/binaries/aplite/libpebblejs.a(simply_splash.c.21.o)
 .ARM.attributes
                0x0000000000000261       0x33 /mnt/e/Pebble Development/Github Repo/sports-app/app/node_modules/pebblejs/dist/binaries/aplite/libpebblejs.a(simply_stage.c.21.o)
 .ARM.attributes
                0x0000000000000294       0x33 /mnt/e/Pebble Development/Github Repo/sports-app/app/node_modules/pebblejs/dist/binaries/aplite/libpebblejs.a(simply_ui.c.21.o)
 .ARM.attributes